SUMMARY OF JOB INFORMATION
  STEP      INC     ATT  ITRS     TOT TIME     STEP TIME      INC TIME
     1          1     1     2  0.200000E-01  0.200000E-01  0.200000E-01
     1          2     1     2  0.400000E-01  0.400000E-01  0.200000E-01
     1          3     1     2  0.600000E-01  0.600000E-01  0.200000E-01
     1          4     1     2  0.800000E-01  0.800000E-01  0.200000E-01
     1          5     1     2  0.100000E+00  0.100000E+00  0.200000E-01
     1          6     1     2  0.120000E+00  0.120000E+00  0.200000E-01
     1          7     1     2  0.140000E+00  0.140000E+00  0.200000E-01
     1          8     1     2  0.160000E+00  0.160000E+00  0.200000E-01
     1          9     1     2  0.180000E+00  0.180000E+00  0.200000E-01
     1         10     1     2  0.200000E+00  0.200000E+00  0.200000E-01
     1         11     1     2  0.220000E+00  0.220000E+00  0.200000E-01
     1         12     1     2  0.240000E+00  0.240000E+00  0.200000E-01
     1         13     1     9  0.260000E+00  0.260000E+00  0.200000E-01
     1         14     1     8  0.280000E+00  0.280000E+00  0.200000E-01
     1         15     1     7  0.300000E+00  0.300000E+00  0.200000E-01
     1         16     1     6  0.320000E+00  0.320000E+00  0.200000E-01
     1         17     1     5  0.340000E+00  0.340000E+00  0.200000E-01
     1         18     1     5  0.360000E+00  0.360000E+00  0.200000E-01
     1         19     1     5  0.380000E+00  0.380000E+00  0.200000E-01
     1         20     1     5  0.400000E+00  0.400000E+00  0.200000E-01
     1         21     1     5  0.420000E+00  0.420000E+00  0.200000E-01
     1         22     1     6  0.440000E+00  0.440000E+00  0.200000E-01
     1         23     1     6  0.460000E+00  0.460000E+00  0.200000E-01
     1         24     1     6  0.480000E+00  0.480000E+00  0.200000E-01
     1         25     1     5  0.500000E+00  0.500000E+00  0.200000E-01
     1         26     1     6  0.520000E+00  0.520000E+00  0.200000E-01
     1         27     1     6  0.540000E+00  0.540000E+00  0.200000E-01
     1         28     1     5  0.560000E+00  0.560000E+00  0.200000E-01
     1         29     1     5  0.580000E+00  0.580000E+00  0.200000E-01
     1         30     1     5  0.600000E+00  0.600000E+00  0.200000E-01
     1         31     1     6  0.620000E+00  0.620000E+00  0.200000E-01
     1         32     1     5  0.640000E+00  0.640000E+00  0.200000E-01
     1         33     1     5  0.660000E+00  0.660000E+00  0.200000E-01
     1         34     1     5  0.680000E+00  0.680000E+00  0.200000E-01
     1         35     1     5  0.700000E+00  0.700000E+00  0.200000E-01
     1         36     1     5  0.720000E+00  0.720000E+00  0.200000E-01
     1         37     1     5  0.740000E+00  0.740000E+00  0.200000E-01
     1         38     1     5  0.760000E+00  0.760000E+00  0.200000E-01
     1         39     1     5  0.780000E+00  0.780000E+00  0.200000E-01
     1         40     1     5  0.800000E+00  0.800000E+00  0.200000E-01
     1         41     1     5  0.820000E+00  0.820000E+00  0.200000E-01
     1         42     1     6  0.840000E+00  0.840000E+00  0.200000E-01
     1         43     1     5  0.860000E+00  0.860000E+00  0.200000E-01
     1         44     1     6  0.880000E+00  0.880000E+00  0.200000E-01
     1         45     1     7  0.900000E+00  0.900000E+00  0.200000E-01
     1         46     1     4  0.920000E+00  0.920000E+00  0.200000E-01
     1         47     1     2  0.940000E+00  0.940000E+00  0.200000E-01
     1         48     1     2  0.960000E+00  0.960000E+00  0.200000E-01
     1         49     1     2  0.980000E+00  0.980000E+00  0.200000E-01
     1         50     1     2  0.100000E+01  0.100000E+01  0.200000E-01
