SUMMARY OF JOB INFORMATION
  STEP      INC     ATT  ITRS     TOT TIME     STEP TIME      INC TIME
     1          1     1     2  0.500000E-02  0.500000E-02  0.500000E-02
     1          2     1     2  0.100000E-01  0.100000E-01  0.500000E-02
     1          3     1     2  0.150000E-01  0.150000E-01  0.500000E-02
     1          4     1     2  0.200000E-01  0.200000E-01  0.500000E-02
     1          5     1     2  0.250000E-01  0.250000E-01  0.500000E-02
     1          6     1     2  0.300000E-01  0.300000E-01  0.500000E-02
     1          7     1     2  0.350000E-01  0.350000E-01  0.500000E-02
     1          8     1     2  0.400000E-01  0.400000E-01  0.500000E-02
     1          9     1     2  0.450000E-01  0.450000E-01  0.500000E-02
     1         10     1     2  0.500000E-01  0.500000E-01  0.500000E-02
     1         11     1     2  0.550000E-01  0.550000E-01  0.500000E-02
     1         12     1     2  0.600000E-01  0.600000E-01  0.500000E-02
     1         13     1     2  0.650000E-01  0.650000E-01  0.500000E-02
     1         14     1     2  0.700000E-01  0.700000E-01  0.500000E-02
     1         15     1     2  0.750000E-01  0.750000E-01  0.500000E-02
     1         16     1     3  0.800000E-01  0.800000E-01  0.500000E-02
     1         17     1     3  0.850000E-01  0.850000E-01  0.500000E-02
     1         18     1     2  0.900000E-01  0.900000E-01  0.500000E-02
     1         19     1     2  0.950000E-01  0.950000E-01  0.500000E-02
     1         20     1U   16  0.950000E-01  0.950000E-01  0.500000E-02
     1         20     2     2  0.975000E-01  0.975000E-01  0.250000E-02
     1         21     1U   17  0.975000E-01  0.975000E-01  0.250000E-02
     1         21     2    15  0.987500E-01  0.987500E-01  0.125000E-02
     1         22     1U   17  0.987500E-01  0.987500E-01  0.937500E-03
     1         22     2     9  0.992188E-01  0.992188E-01  0.468750E-03
     1         23     1    10  0.996875E-01  0.996875E-01  0.468750E-03
     1         24     1     9  0.100156E+00  0.100156E+00  0.468750E-03
     1         25     1     8  0.100625E+00  0.100625E+00  0.468750E-03
     1         26     1     8  0.101094E+00  0.101094E+00  0.468750E-03
     1         27     1U   18  0.101094E+00  0.101094E+00  0.468750E-03
     1         27     2U   14  0.101094E+00  0.101094E+00  0.117187E-03
     1         27     3    10  0.101123E+00  0.101123E+00  0.292969E-04
     1         28     1    11  0.101152E+00  0.101152E+00  0.292969E-04
     1         29     1     9  0.101174E+00  0.101174E+00  0.219727E-04
     1         30     1    10  0.101196E+00  0.101196E+00  0.219727E-04
     1         31     1     9  0.101218E+00  0.101218E+00  0.219727E-04
     1         32     1    10  0.101240E+00  0.101240E+00  0.219727E-04
     1         33     1     9  0.101262E+00  0.101262E+00  0.219727E-04
     1         34     1     9  0.101284E+00  0.101284E+00  0.219727E-04
     1         35     1     2  0.101306E+00  0.101306E+00  0.219727E-04
     1         36     1     3  0.101328E+00  0.101328E+00  0.219727E-04
     1         37     1     2  0.101361E+00  0.101361E+00  0.329590E-04
     1         38     1     2  0.101411E+00  0.101411E+00  0.494385E-04
     1         39     1     2  0.101485E+00  0.101485E+00  0.741577E-04
     1         40     1     5  0.101596E+00  0.101596E+00  0.111237E-03
     1         41     1     8  0.101707E+00  0.101707E+00  0.111237E-03
     1         42     1     2  0.101818E+00  0.101818E+00  0.111237E-03
     1         43     1     4  0.101930E+00  0.101930E+00  0.111237E-03
     1         44     1     8  0.102096E+00  0.102096E+00  0.166855E-03
     1         45     1     2  0.102263E+00  0.102263E+00  0.166855E-03
     1         46     1     2  0.102430E+00  0.102430E+00  0.166855E-03
     1         47     1     3  0.102680E+00  0.102680E+00  0.250282E-03
     1         48     1    10  0.103056E+00  0.103056E+00  0.375423E-03
     1         49     1     8  0.103431E+00  0.103431E+00  0.375423E-03
     1         50     1     4  0.103807E+00  0.103807E+00  0.375423E-03
     1         51     1     2  0.104182E+00  0.104182E+00  0.375423E-03
     1         52     1     4  0.104745E+00  0.104745E+00  0.563135E-03
     1         53     1     9  0.105590E+00  0.105590E+00  0.844703E-03
     1         54     1     5  0.106435E+00  0.106435E+00  0.844703E-03
     1         55     1     5  0.107279E+00  0.107279E+00  0.844703E-03
     1         56     1     2  0.108124E+00  0.108124E+00  0.844703E-03
     1         57     1     2  0.108969E+00  0.108969E+00  0.844703E-03
     1         58     1     3  0.110236E+00  0.110236E+00  0.126705E-02
     1         59     1U   16  0.110236E+00  0.110236E+00  0.190058E-02
     1         59     2    10  0.111186E+00  0.111186E+00  0.950291E-03
     1         60     1U   14  0.111186E+00  0.111186E+00  0.950291E-03
     1         60     2    10  0.111424E+00  0.111424E+00  0.237573E-03
     1         61     1U   12  0.111424E+00  0.111424E+00  0.237573E-03
     1         61     2    10  0.111483E+00  0.111483E+00  0.593932E-04
     1         62     1    10  0.111543E+00  0.111543E+00  0.593932E-04
     1         63     1U   17  0.111543E+00  0.111543E+00  0.593932E-04
     1         63     2    10  0.111557E+00  0.111557E+00  0.148483E-04
     1         64     1    14  0.111572E+00  0.111572E+00  0.148483E-04
     1         65     1    14  0.111583E+00  0.111583E+00  0.111362E-04
     1         66     1U   14  0.111583E+00  0.111583E+00  0.835216E-05
     1         66     2     9  0.111585E+00  0.111585E+00  0.208804E-05
     1         67     1U   17  0.111585E+00  0.111585E+00  0.208804E-05
