SUMMARY OF JOB INFORMATION
  STEP      INC     ATT  ITRS     TOT TIME     STEP TIME      INC TIME
     1          1     1     2  0.500000E-02  0.500000E-02  0.500000E-02
     1          2     1     2  0.100000E-01  0.100000E-01  0.500000E-02
     1          3     1     2  0.150000E-01  0.150000E-01  0.500000E-02
     1          4     1     2  0.200000E-01  0.200000E-01  0.500000E-02
     1          5     1     2  0.250000E-01  0.250000E-01  0.500000E-02
     1          6     1     2  0.300000E-01  0.300000E-01  0.500000E-02
     1          7     1     2  0.350000E-01  0.350000E-01  0.500000E-02
     1          8     1     2  0.400000E-01  0.400000E-01  0.500000E-02
     1          9     1     2  0.450000E-01  0.450000E-01  0.500000E-02
     1         10     1     2  0.500000E-01  0.500000E-01  0.500000E-02
     1         11     1     2  0.550000E-01  0.550000E-01  0.500000E-02
     1         12     1     2  0.600000E-01  0.600000E-01  0.500000E-02
     1         13     1     2  0.650000E-01  0.650000E-01  0.500000E-02
     1         14     1     2  0.700000E-01  0.700000E-01  0.500000E-02
     1         15     1     2  0.750000E-01  0.750000E-01  0.500000E-02
     1         16     1     9  0.800000E-01  0.800000E-01  0.500000E-02
     1         17     1     5  0.850000E-01  0.850000E-01  0.500000E-02
     1         18     1     4  0.900000E-01  0.900000E-01  0.500000E-02
     1         19     1     4  0.950000E-01  0.950000E-01  0.500000E-02
     1         20     1     3  0.100000E+00  0.100000E+00  0.500000E-02
     1         21     1    12  0.105000E+00  0.105000E+00  0.500000E-02
     1         22     1    13  0.110000E+00  0.110000E+00  0.500000E-02
     1         23     1    13  0.115000E+00  0.115000E+00  0.500000E-02
     1         24     1    13  0.120000E+00  0.120000E+00  0.500000E-02
     1         25     1    12  0.125000E+00  0.125000E+00  0.500000E-02
     1         26     1    12  0.130000E+00  0.130000E+00  0.500000E-02
     1         27     1    13  0.135000E+00  0.135000E+00  0.500000E-02
     1         28     1    12  0.140000E+00  0.140000E+00  0.500000E-02
     1         29     1    14  0.145000E+00  0.145000E+00  0.500000E-02
     1         30     1    14  0.150000E+00  0.150000E+00  0.500000E-02
     1         31     1    14  0.155000E+00  0.155000E+00  0.500000E-02
     1         32     1    13  0.160000E+00  0.160000E+00  0.500000E-02
     1         33     1    14  0.165000E+00  0.165000E+00  0.500000E-02
     1         34     1    13  0.170000E+00  0.170000E+00  0.500000E-02
     1         35     1    13  0.175000E+00  0.175000E+00  0.500000E-02
     1         36     1    14  0.180000E+00  0.180000E+00  0.500000E-02
     1         37     1    16  0.185000E+00  0.185000E+00  0.500000E-02
     1         38     1    17  0.190000E+00  0.190000E+00  0.500000E-02
     1         39     1    18  0.195000E+00  0.195000E+00  0.500000E-02
     1         40     1    18  0.200000E+00  0.200000E+00  0.500000E-02
     1         41     1    19  0.205000E+00  0.205000E+00  0.500000E-02
     1         42     1    18  0.210000E+00  0.210000E+00  0.500000E-02
     1         43     1    18  0.215000E+00  0.215000E+00  0.500000E-02
     1         44     1    18  0.220000E+00  0.220000E+00  0.500000E-02
     1         45     1    16  0.225000E+00  0.225000E+00  0.500000E-02
     1         46     1    16  0.230000E+00  0.230000E+00  0.500000E-02
     1         47     1    16  0.235000E+00  0.235000E+00  0.500000E-02
     1         48     1    15  0.240000E+00  0.240000E+00  0.500000E-02
     1         49     1    15  0.245000E+00  0.245000E+00  0.500000E-02
     1         50     1    11  0.250000E+00  0.250000E+00  0.500000E-02
     1         51     1    11  0.255000E+00  0.255000E+00  0.500000E-02
     1         52     1    11  0.260000E+00  0.260000E+00  0.500000E-02
     1         53     1    14  0.265000E+00  0.265000E+00  0.500000E-02
     1         54     1    15  0.270000E+00  0.270000E+00  0.500000E-02
     1         55     1    14  0.275000E+00  0.275000E+00  0.500000E-02
     1         56     1    10  0.280000E+00  0.280000E+00  0.500000E-02
     1         57     1     5  0.285000E+00  0.285000E+00  0.500000E-02
     1         58     1     5  0.290000E+00  0.290000E+00  0.500000E-02
     1         59     1     3  0.295000E+00  0.295000E+00  0.500000E-02
     1         60     1     5  0.300000E+00  0.300000E+00  0.500000E-02
     1         61     1     2  0.305000E+00  0.305000E+00  0.500000E-02
     1         62     1     2  0.310000E+00  0.310000E+00  0.500000E-02
     1         63     1     2  0.315000E+00  0.315000E+00  0.500000E-02
     1         64     1    15  0.320000E+00  0.320000E+00  0.500000E-02
     1         65     1    10  0.325000E+00  0.325000E+00  0.500000E-02
     1         66     1     5  0.330000E+00  0.330000E+00  0.500000E-02
     1         67     1     5  0.335000E+00  0.335000E+00  0.500000E-02
     1         68     1     5  0.340000E+00  0.340000E+00  0.500000E-02
     1         69     1     5  0.345000E+00  0.345000E+00  0.500000E-02
     1         70     1     5  0.350000E+00  0.350000E+00  0.500000E-02
     1         71     1     5  0.355000E+00  0.355000E+00  0.500000E-02
     1         72     1     5  0.360000E+00  0.360000E+00  0.500000E-02
     1         73     1     5  0.365000E+00  0.365000E+00  0.500000E-02
     1         74     1     5  0.370000E+00  0.370000E+00  0.500000E-02
     1         75     1     5  0.375000E+00  0.375000E+00  0.500000E-02
     1         76     1     5  0.380000E+00  0.380000E+00  0.500000E-02
     1         77     1     5  0.385000E+00  0.385000E+00  0.500000E-02
     1         78     1     6  0.390000E+00  0.390000E+00  0.500000E-02
     1         79     1     6  0.395000E+00  0.395000E+00  0.500000E-02
     1         80     1     5  0.400000E+00  0.400000E+00  0.500000E-02
     1         81     1     6  0.405000E+00  0.405000E+00  0.500000E-02
     1         82     1     6  0.410000E+00  0.410000E+00  0.500000E-02
     1         83     1     5  0.415000E+00  0.415000E+00  0.500000E-02
     1         84     1     6  0.420000E+00  0.420000E+00  0.500000E-02
     1         85     1     6  0.425000E+00  0.425000E+00  0.500000E-02
     1         86     1     6  0.430000E+00  0.430000E+00  0.500000E-02
     1         87     1     6  0.435000E+00  0.435000E+00  0.500000E-02
     1         88     1     6  0.440000E+00  0.440000E+00  0.500000E-02
     1         89     1     6  0.445000E+00  0.445000E+00  0.500000E-02
     1         90     1     6  0.450000E+00  0.450000E+00  0.500000E-02
     1         91     1     5  0.455000E+00  0.455000E+00  0.500000E-02
     1         92     1     5  0.460000E+00  0.460000E+00  0.500000E-02
     1         93     1     5  0.465000E+00  0.465000E+00  0.500000E-02
     1         94     1     5  0.470000E+00  0.470000E+00  0.500000E-02
     1         95     1     5  0.475000E+00  0.475000E+00  0.500000E-02
     1         96     1     5  0.480000E+00  0.480000E+00  0.500000E-02
     1         97     1     5  0.485000E+00  0.485000E+00  0.500000E-02
     1         98     1     5  0.490000E+00  0.490000E+00  0.500000E-02
     1         99     1     5  0.495000E+00  0.495000E+00  0.500000E-02
     1        100     1     5  0.500000E+00  0.500000E+00  0.500000E-02
     1        101     1     5  0.505000E+00  0.505000E+00  0.500000E-02
     1        102     1     5  0.510000E+00  0.510000E+00  0.500000E-02
     1        103     1     5  0.515000E+00  0.515000E+00  0.500000E-02
     1        104     1     5  0.520000E+00  0.520000E+00  0.500000E-02
     1        105     1     5  0.525000E+00  0.525000E+00  0.500000E-02
     1        106     1     5  0.530000E+00  0.530000E+00  0.500000E-02
     1        107     1     5  0.535000E+00  0.535000E+00  0.500000E-02
     1        108     1     5  0.540000E+00  0.540000E+00  0.500000E-02
     1        109     1     5  0.545000E+00  0.545000E+00  0.500000E-02
     1        110     1     5  0.550000E+00  0.550000E+00  0.500000E-02
     1        111     1     6  0.555000E+00  0.555000E+00  0.500000E-02
     1        112     1     6  0.560000E+00  0.560000E+00  0.500000E-02
     1        113     1     9  0.565000E+00  0.565000E+00  0.500000E-02
     1        114     1     4  0.570000E+00  0.570000E+00  0.500000E-02
     1        115     1     3  0.575000E+00  0.575000E+00  0.500000E-02
     1        116     1     3  0.580000E+00  0.580000E+00  0.500000E-02
     1        117     1     3  0.585000E+00  0.585000E+00  0.500000E-02
     1        118     1     3  0.590000E+00  0.590000E+00  0.500000E-02
     1        119     1     3  0.595000E+00  0.595000E+00  0.500000E-02
     1        120     1     3  0.600000E+00  0.600000E+00  0.500000E-02
     1        121     1     3  0.605000E+00  0.605000E+00  0.500000E-02
     1        122     1     2  0.610000E+00  0.610000E+00  0.500000E-02
     1        123     1     3  0.615000E+00  0.615000E+00  0.500000E-02
     1        124     1     2  0.620000E+00  0.620000E+00  0.500000E-02
     1        125     1     2  0.625000E+00  0.625000E+00  0.500000E-02
     1        126     1     3  0.630000E+00  0.630000E+00  0.500000E-02
     1        127     1     3  0.635000E+00  0.635000E+00  0.500000E-02
     1        128     1     3  0.640000E+00  0.640000E+00  0.500000E-02
     1        129     1     3  0.645000E+00  0.645000E+00  0.500000E-02
     1        130     1     3  0.650000E+00  0.650000E+00  0.500000E-02
     1        131     1     3  0.655000E+00  0.655000E+00  0.500000E-02
     1        132     1    11  0.660000E+00  0.660000E+00  0.500000E-02
     1        133     1     8  0.665000E+00  0.665000E+00  0.500000E-02
     1        134     1     7  0.670000E+00  0.670000E+00  0.500000E-02
     1        135     1     6  0.675000E+00  0.675000E+00  0.500000E-02
     1        136     1    13  0.680000E+00  0.680000E+00  0.500000E-02
     1        137     1     8  0.685000E+00  0.685000E+00  0.500000E-02
     1        138     1     8  0.690000E+00  0.690000E+00  0.500000E-02
     1        139     1     7  0.695000E+00  0.695000E+00  0.500000E-02
     1        140     1     5  0.700000E+00  0.700000E+00  0.500000E-02
     1        141     1     8  0.705000E+00  0.705000E+00  0.500000E-02
     1        142     1     7  0.710000E+00  0.710000E+00  0.500000E-02
     1        143     1     8  0.715000E+00  0.715000E+00  0.500000E-02
     1        144     1     7  0.720000E+00  0.720000E+00  0.500000E-02
     1        145     1     4  0.725000E+00  0.725000E+00  0.500000E-02
     1        146     1     9  0.730000E+00  0.730000E+00  0.500000E-02
     1        147     1     8  0.735000E+00  0.735000E+00  0.500000E-02
     1        148     1     8  0.740000E+00  0.740000E+00  0.500000E-02
     1        149     1     6  0.745000E+00  0.745000E+00  0.500000E-02
     1        150     1    10  0.750000E+00  0.750000E+00  0.500000E-02
     1        151     1     8  0.755000E+00  0.755000E+00  0.500000E-02
     1        152     1     8  0.760000E+00  0.760000E+00  0.500000E-02
     1        153     1     5  0.765000E+00  0.765000E+00  0.500000E-02
     1        154     1     9  0.770000E+00  0.770000E+00  0.500000E-02
     1        155     1     6  0.775000E+00  0.775000E+00  0.500000E-02
     1        156     1     7  0.780000E+00  0.780000E+00  0.500000E-02
     1        157     1     5  0.785000E+00  0.785000E+00  0.500000E-02
     1        158     1    10  0.790000E+00  0.790000E+00  0.500000E-02
     1        159     1     7  0.795000E+00  0.795000E+00  0.500000E-02
     1        160     1     7  0.800000E+00  0.800000E+00  0.500000E-02
     1        161     1     5  0.805000E+00  0.805000E+00  0.500000E-02
     1        162     1     8  0.810000E+00  0.810000E+00  0.500000E-02
     1        163     1     6  0.815000E+00  0.815000E+00  0.500000E-02
     1        164     1     3  0.820000E+00  0.820000E+00  0.500000E-02
     1        165     1     3  0.825000E+00  0.825000E+00  0.500000E-02
     1        166     1     3  0.830000E+00  0.830000E+00  0.500000E-02
     1        167     1     2  0.835000E+00  0.835000E+00  0.500000E-02
     1        168     1     2  0.840000E+00  0.840000E+00  0.500000E-02
     1        169     1     2  0.845000E+00  0.845000E+00  0.500000E-02
     1        170     1     2  0.850000E+00  0.850000E+00  0.500000E-02
     1        171     1     2  0.855000E+00  0.855000E+00  0.500000E-02
     1        172     1     2  0.860000E+00  0.860000E+00  0.500000E-02
     1        173     1     2  0.865000E+00  0.865000E+00  0.500000E-02
     1        174     1     2  0.870000E+00  0.870000E+00  0.500000E-02
     1        175     1     2  0.875000E+00  0.875000E+00  0.500000E-02
     1        176     1     2  0.880000E+00  0.880000E+00  0.500000E-02
     1        177     1     2  0.885000E+00  0.885000E+00  0.500000E-02
     1        178     1     2  0.890000E+00  0.890000E+00  0.500000E-02
     1        179     1     2  0.895000E+00  0.895000E+00  0.500000E-02
     1        180     1     2  0.900000E+00  0.900000E+00  0.500000E-02
     1        181     1     2  0.905000E+00  0.905000E+00  0.500000E-02
     1        182     1     2  0.910000E+00  0.910000E+00  0.500000E-02
     1        183     1     2  0.915000E+00  0.915000E+00  0.500000E-02
     1        184     1     2  0.920000E+00  0.920000E+00  0.500000E-02
     1        185     1     2  0.925000E+00  0.925000E+00  0.500000E-02
     1        186     1     2  0.930000E+00  0.930000E+00  0.500000E-02
     1        187     1     2  0.935000E+00  0.935000E+00  0.500000E-02
     1        188     1     2  0.940000E+00  0.940000E+00  0.500000E-02
     1        189     1     2  0.945000E+00  0.945000E+00  0.500000E-02
     1        190     1     2  0.950000E+00  0.950000E+00  0.500000E-02
     1        191     1     2  0.955000E+00  0.955000E+00  0.500000E-02
     1        192     1     2  0.960000E+00  0.960000E+00  0.500000E-02
     1        193     1     2  0.965000E+00  0.965000E+00  0.500000E-02
     1        194     1     2  0.970000E+00  0.970000E+00  0.500000E-02
     1        195     1     2  0.975000E+00  0.975000E+00  0.500000E-02
     1        196     1     2  0.980000E+00  0.980000E+00  0.500000E-02
     1        197     1     2  0.985000E+00  0.985000E+00  0.500000E-02
     1        198     1     2  0.990000E+00  0.990000E+00  0.500000E-02
     1        199     1     2  0.995000E+00  0.995000E+00  0.500000E-02
     1        200     1     2  0.100000E+01  0.100000E+01  0.500000E-02
