SUMMARY OF JOB INFORMATION
  STEP      INC     ATT  ITRS     TOT TIME     STEP TIME      INC TIME
     1          1     1     8  0.100000E+00  0.100000E+00  0.100000E+00
     1          2     1    21  0.200000E+00  0.200000E+00  0.100000E+00
     1          3     1U   10  0.200000E+00  0.200000E+00  0.750000E-01
     1          3     2    16  0.218750E+00  0.218750E+00  0.187500E-01
     1          4     1    16  0.232813E+00  0.232813E+00  0.140625E-01
     1          5     1    15  0.243359E+00  0.243359E+00  0.105469E-01
     1          6     1    16  0.251270E+00  0.251270E+00  0.791016E-02
     1          7     1    15  0.257202E+00  0.257202E+00  0.593262E-02
     1          8     1U   11  0.257202E+00  0.257202E+00  0.444946E-02
     1          8     2    15  0.258315E+00  0.258315E+00  0.111237E-02
     1          9     1    15  0.259149E+00  0.259149E+00  0.834274E-03
     1         10     1    16  0.259774E+00  0.259774E+00  0.625706E-03
     1         11     1    15  0.260244E+00  0.260244E+00  0.469279E-03
     1         12     1    16  0.260596E+00  0.260596E+00  0.351959E-03
     1         13     1U   11  0.260596E+00  0.260596E+00  0.263970E-03
     1         13     2    15  0.260662E+00  0.260662E+00  0.659924E-04
     1         14     1    16  0.260711E+00  0.260711E+00  0.494943E-04
     1         15     1    15  0.260748E+00  0.260748E+00  0.371207E-04
     1         16     1    15  0.260776E+00  0.260776E+00  0.278405E-04
     1         17     1    15  0.260797E+00  0.260797E+00  0.208804E-04
     1         18     1U   11  0.260797E+00  0.260797E+00  0.156603E-04
     1         18     2    15  0.260801E+00  0.260801E+00  0.391508E-05
     1         19     1    15  0.260804E+00  0.260804E+00  0.293631E-05
     1         20     1    15  0.260806E+00  0.260806E+00  0.220223E-05
     1         21     1    15  0.260808E+00  0.260808E+00  0.165167E-05
     1         22     1U   11  0.260808E+00  0.260808E+00  0.123875E-05
