SUMMARY OF JOB INFORMATION
  STEP      INC     ATT  ITRS     TOT TIME     STEP TIME      INC TIME
     1          1     1     2  0.625000E-02  0.625000E-02  0.625000E-02
     1          2     1     2  0.125000E-01  0.125000E-01  0.625000E-02
     1          3     1     2  0.187500E-01  0.187500E-01  0.625000E-02
     1          4     1     2  0.250000E-01  0.250000E-01  0.625000E-02
     1          5     1     2  0.312500E-01  0.312500E-01  0.625000E-02
     1          6     1     2  0.375000E-01  0.375000E-01  0.625000E-02
     1          7     1     2  0.437500E-01  0.437500E-01  0.625000E-02
     1          8     1     2  0.500000E-01  0.500000E-01  0.625000E-02
     1          9     1     2  0.562500E-01  0.562500E-01  0.625000E-02
     1         10     1     2  0.625000E-01  0.625000E-01  0.625000E-02
     1         11     1     2  0.687500E-01  0.687500E-01  0.625000E-02
     1         12     1     2  0.750000E-01  0.750000E-01  0.625000E-02
     1         13     1     2  0.812500E-01  0.812500E-01  0.625000E-02
     1         14     1    10  0.875000E-01  0.875000E-01  0.625000E-02
     1         15     1    10  0.937500E-01  0.937500E-01  0.625000E-02
     1         16     1    10  0.100000E+00  0.100000E+00  0.625000E-02
     1         17     1    10  0.106250E+00  0.106250E+00  0.625000E-02
     1         18     1    11  0.112500E+00  0.112500E+00  0.625000E-02
     1         19     1    11  0.118750E+00  0.118750E+00  0.625000E-02
     1         20     1    11  0.125000E+00  0.125000E+00  0.625000E-02
     1         21     1    11  0.131250E+00  0.131250E+00  0.625000E-02
     1         22     1    11  0.137500E+00  0.137500E+00  0.625000E-02
     1         23     1    11  0.143750E+00  0.143750E+00  0.625000E-02
     1         24     1    11  0.150000E+00  0.150000E+00  0.625000E-02
     1         25     1    11  0.156250E+00  0.156250E+00  0.625000E-02
     1         26     1    11  0.162500E+00  0.162500E+00  0.625000E-02
     1         27     1    11  0.168750E+00  0.168750E+00  0.625000E-02
     1         28     1    11  0.175000E+00  0.175000E+00  0.625000E-02
     1         29     1    11  0.181250E+00  0.181250E+00  0.625000E-02
     1         30     1    11  0.187500E+00  0.187500E+00  0.625000E-02
     1         31     1    11  0.193750E+00  0.193750E+00  0.625000E-02
     1         32     1    11  0.200000E+00  0.200000E+00  0.625000E-02
     1         33     1    12  0.206250E+00  0.206250E+00  0.625000E-02
     1         34     1    12  0.212500E+00  0.212500E+00  0.625000E-02
     1         35     1    11  0.218750E+00  0.218750E+00  0.625000E-02
     1         36     1    12  0.225000E+00  0.225000E+00  0.625000E-02
     1         37     1    11  0.231250E+00  0.231250E+00  0.625000E-02
     1         38     1    11  0.237500E+00  0.237500E+00  0.625000E-02
     1         39     1    11  0.243750E+00  0.243750E+00  0.625000E-02
     1         40     1    11  0.250000E+00  0.250000E+00  0.625000E-02
     1         41     1    11  0.256250E+00  0.256250E+00  0.625000E-02
     1         42     1    12  0.262500E+00  0.262500E+00  0.625000E-02
     1         43     1    12  0.268750E+00  0.268750E+00  0.625000E-02
     1         44     1    12  0.275000E+00  0.275000E+00  0.625000E-02
     1         45     1    12  0.281250E+00  0.281250E+00  0.625000E-02
     1         46     1    11  0.287500E+00  0.287500E+00  0.625000E-02
     1         47     1    12  0.293750E+00  0.293750E+00  0.625000E-02
     1         48     1    11  0.300000E+00  0.300000E+00  0.625000E-02
     1         49     1    10  0.306250E+00  0.306250E+00  0.625000E-02
     1         50     1    12  0.312500E+00  0.312500E+00  0.625000E-02
     1         51     1    12  0.318750E+00  0.318750E+00  0.625000E-02
     1         52     1    12  0.325000E+00  0.325000E+00  0.625000E-02
     1         53     1    12  0.331250E+00  0.331250E+00  0.625000E-02
     1         54     1    12  0.337500E+00  0.337500E+00  0.625000E-02
     1         55     1    11  0.343750E+00  0.343750E+00  0.625000E-02
     1         56     1    11  0.350000E+00  0.350000E+00  0.625000E-02
     1         57     1    11  0.356250E+00  0.356250E+00  0.625000E-02
     1         58     1    10  0.362500E+00  0.362500E+00  0.625000E-02
     1         59     1    11  0.368750E+00  0.368750E+00  0.625000E-02
     1         60     1    11  0.375000E+00  0.375000E+00  0.625000E-02
     1         61     1    11  0.381250E+00  0.381250E+00  0.625000E-02
     1         62     1    11  0.387500E+00  0.387500E+00  0.625000E-02
     1         63     1    10  0.393750E+00  0.393750E+00  0.625000E-02
     1         64     1    11  0.400000E+00  0.400000E+00  0.625000E-02
     1         65     1     9  0.406250E+00  0.406250E+00  0.625000E-02
     1         66     1     9  0.412500E+00  0.412500E+00  0.625000E-02
     1         67     1     3  0.418750E+00  0.418750E+00  0.625000E-02
     1         68     1     3  0.425000E+00  0.425000E+00  0.625000E-02
     1         69     1     2  0.431250E+00  0.431250E+00  0.625000E-02
     1         70     1     2  0.437500E+00  0.437500E+00  0.625000E-02
     1         71     1     2  0.443750E+00  0.443750E+00  0.625000E-02
     1         72     1     2  0.450000E+00  0.450000E+00  0.625000E-02
     1         73     1     2  0.456250E+00  0.456250E+00  0.625000E-02
     1         74     1     2  0.462500E+00  0.462500E+00  0.625000E-02
     1         75     1     2  0.468750E+00  0.468750E+00  0.625000E-02
     1         76     1     2  0.475000E+00  0.475000E+00  0.625000E-02
     1         77     1     2  0.481250E+00  0.481250E+00  0.625000E-02
     1         78     1     2  0.487500E+00  0.487500E+00  0.625000E-02
     1         79     1     2  0.493750E+00  0.493750E+00  0.625000E-02
     1         80     1     2  0.500000E+00  0.500000E+00  0.625000E-02
     1         81     1     2  0.506250E+00  0.506250E+00  0.625000E-02
     1         82     1     2  0.512500E+00  0.512500E+00  0.625000E-02
     1         83     1     2  0.518750E+00  0.518750E+00  0.625000E-02
     1         84     1     2  0.525000E+00  0.525000E+00  0.625000E-02
     1         85     1     2  0.531250E+00  0.531250E+00  0.625000E-02
     1         86     1     2  0.537500E+00  0.537500E+00  0.625000E-02
     1         87     1     2  0.543750E+00  0.543750E+00  0.625000E-02
     1         88     1     2  0.550000E+00  0.550000E+00  0.625000E-02
     1         89     1     2  0.556250E+00  0.556250E+00  0.625000E-02
     1         90     1     2  0.562500E+00  0.562500E+00  0.625000E-02
     1         91     1     2  0.568750E+00  0.568750E+00  0.625000E-02
     1         92     1     2  0.575000E+00  0.575000E+00  0.625000E-02
     1         93     1     2  0.581250E+00  0.581250E+00  0.625000E-02
     1         94     1    10  0.587500E+00  0.587500E+00  0.625000E-02
     1         95     1    10  0.593750E+00  0.593750E+00  0.625000E-02
     1         96     1    11  0.600000E+00  0.600000E+00  0.625000E-02
     1         97     1    11  0.606250E+00  0.606250E+00  0.625000E-02
     1         98     1    11  0.612500E+00  0.612500E+00  0.625000E-02
     1         99     1    11  0.618750E+00  0.618750E+00  0.625000E-02
     1        100     1    11  0.625000E+00  0.625000E+00  0.625000E-02
     1        101     1    11  0.631250E+00  0.631250E+00  0.625000E-02
     1        102     1    12  0.637500E+00  0.637500E+00  0.625000E-02
     1        103     1    11  0.643750E+00  0.643750E+00  0.625000E-02
     1        104     1    11  0.650000E+00  0.650000E+00  0.625000E-02
     1        105     1    11  0.656250E+00  0.656250E+00  0.625000E-02
     1        106     1    11  0.662500E+00  0.662500E+00  0.625000E-02
     1        107     1    12  0.668750E+00  0.668750E+00  0.625000E-02
     1        108     1    11  0.675000E+00  0.675000E+00  0.625000E-02
     1        109     1    12  0.681250E+00  0.681250E+00  0.625000E-02
     1        110     1    12  0.687500E+00  0.687500E+00  0.625000E-02
     1        111     1    12  0.693750E+00  0.693750E+00  0.625000E-02
     1        112     1    12  0.700000E+00  0.700000E+00  0.625000E-02
     1        113     1    12  0.706250E+00  0.706250E+00  0.625000E-02
     1        114     1    11  0.712500E+00  0.712500E+00  0.625000E-02
     1        115     1    11  0.718750E+00  0.718750E+00  0.625000E-02
     1        116     1    12  0.725000E+00  0.725000E+00  0.625000E-02
     1        117     1    11  0.731250E+00  0.731250E+00  0.625000E-02
     1        118     1    11  0.737500E+00  0.737500E+00  0.625000E-02
     1        119     1    12  0.743750E+00  0.743750E+00  0.625000E-02
     1        120     1    12  0.750000E+00  0.750000E+00  0.625000E-02
     1        121     1    11  0.756250E+00  0.756250E+00  0.625000E-02
     1        122     1    11  0.762500E+00  0.762500E+00  0.625000E-02
     1        123     1    11  0.768750E+00  0.768750E+00  0.625000E-02
     1        124     1    11  0.775000E+00  0.775000E+00  0.625000E-02
     1        125     1    12  0.781250E+00  0.781250E+00  0.625000E-02
     1        126     1    11  0.787500E+00  0.787500E+00  0.625000E-02
     1        127     1    11  0.793750E+00  0.793750E+00  0.625000E-02
     1        128     1    12  0.800000E+00  0.800000E+00  0.625000E-02
     1        129     1    12  0.806250E+00  0.806250E+00  0.625000E-02
     1        130     1    12  0.812500E+00  0.812500E+00  0.625000E-02
     1        131     1    11  0.818750E+00  0.818750E+00  0.625000E-02
     1        132     1    10  0.825000E+00  0.825000E+00  0.625000E-02
     1        133     1    11  0.831250E+00  0.831250E+00  0.625000E-02
     1        134     1    11  0.837500E+00  0.837500E+00  0.625000E-02
     1        135     1    11  0.843750E+00  0.843750E+00  0.625000E-02
     1        136     1    11  0.850000E+00  0.850000E+00  0.625000E-02
     1        137     1    11  0.856250E+00  0.856250E+00  0.625000E-02
     1        138     1    11  0.862500E+00  0.862500E+00  0.625000E-02
     1        139     1    12  0.868750E+00  0.868750E+00  0.625000E-02
     1        140     1    10  0.875000E+00  0.875000E+00  0.625000E-02
     1        141     1    11  0.881250E+00  0.881250E+00  0.625000E-02
     1        142     1    10  0.887500E+00  0.887500E+00  0.625000E-02
     1        143     1    11  0.893750E+00  0.893750E+00  0.625000E-02
     1        144     1    10  0.900000E+00  0.900000E+00  0.625000E-02
     1        145     1    10  0.906250E+00  0.906250E+00  0.625000E-02
     1        146     1     9  0.912500E+00  0.912500E+00  0.625000E-02
     1        147     1     3  0.918750E+00  0.918750E+00  0.625000E-02
     1        148     1     3  0.925000E+00  0.925000E+00  0.625000E-02
     1        149     1     2  0.931250E+00  0.931250E+00  0.625000E-02
     1        150     1     2  0.937500E+00  0.937500E+00  0.625000E-02
     1        151     1     2  0.943750E+00  0.943750E+00  0.625000E-02
     1        152     1     2  0.950000E+00  0.950000E+00  0.625000E-02
     1        153     1     2  0.956250E+00  0.956250E+00  0.625000E-02
     1        154     1     2  0.962500E+00  0.962500E+00  0.625000E-02
     1        155     1     2  0.968750E+00  0.968750E+00  0.625000E-02
     1        156     1     2  0.975000E+00  0.975000E+00  0.625000E-02
     1        157     1     2  0.981250E+00  0.981250E+00  0.625000E-02
     1        158     1     2  0.987500E+00  0.987500E+00  0.625000E-02
     1        159     1     2  0.993750E+00  0.993750E+00  0.625000E-02
     1        160     1     2  0.100000E+01  0.100000E+01  0.625000E-02
