SUMMARY OF JOB INFORMATION
  STEP      INC     ATT  ITRS     TOT TIME     STEP TIME      INC TIME
     1          1     1     2  0.250000E-01  0.250000E-01  0.250000E-01
     1          2     1     2  0.500000E-01  0.500000E-01  0.250000E-01
     1          3     1     2  0.750000E-01  0.750000E-01  0.250000E-01
     1          4     1     2  0.100000E+00  0.100000E+00  0.250000E-01
     1          5     1     2  0.125000E+00  0.125000E+00  0.250000E-01
     1          6     1     2  0.150000E+00  0.150000E+00  0.250000E-01
     1          7     1     2  0.175000E+00  0.175000E+00  0.250000E-01
     1          8     1     3  0.200000E+00  0.200000E+00  0.250000E-01
     1          9     1     9  0.225000E+00  0.225000E+00  0.250000E-01
     1         10     1U   13  0.225000E+00  0.225000E+00  0.250000E-01
     1         10     2U   14  0.225000E+00  0.225000E+00  0.625000E-02
     1         10     3U   16  0.225000E+00  0.225000E+00  0.156250E-02
     1         10     4     6  0.225391E+00  0.225391E+00  0.390625E-03
     1         11     1     4  0.225781E+00  0.225781E+00  0.390625E-03
     1         12     1     3  0.226172E+00  0.226172E+00  0.390625E-03
     1         13     1     3  0.226758E+00  0.226758E+00  0.585938E-03
     1         14     1     3  0.227637E+00  0.227637E+00  0.878906E-03
     1         15     1     4  0.228955E+00  0.228955E+00  0.131836E-02
     1         16     1    15  0.230933E+00  0.230933E+00  0.197754E-02
     1         17     1     7  0.232416E+00  0.232416E+00  0.148315E-02
     1         18     1     7  0.233899E+00  0.233899E+00  0.148315E-02
     1         19     1U   13  0.233899E+00  0.233899E+00  0.148315E-02
     1         19     2     7  0.234270E+00  0.234270E+00  0.370789E-03
     1         20     1U   15  0.234270E+00  0.234270E+00  0.370789E-03
     1         20     2     2  0.234362E+00  0.234362E+00  0.926971E-04
     1         21     1     2  0.234455E+00  0.234455E+00  0.926971E-04
     1         22     1     2  0.234594E+00  0.234594E+00  0.139046E-03
     1         23     1     2  0.234803E+00  0.234803E+00  0.208569E-03
     1         24     1     2  0.235116E+00  0.235116E+00  0.312853E-03
     1         25     1     8  0.235585E+00  0.235585E+00  0.469279E-03
     1         26     1     9  0.236054E+00  0.236054E+00  0.469279E-03
     1         27     1U   13  0.236054E+00  0.236054E+00  0.469279E-03
     1         27     2     2  0.236171E+00  0.236171E+00  0.117320E-03
     1         28     1     2  0.236289E+00  0.236289E+00  0.117320E-03
     1         29     1     2  0.236465E+00  0.236465E+00  0.175980E-03
     1         30     1     3  0.236729E+00  0.236729E+00  0.263970E-03
     1         31     1U   13  0.236729E+00  0.236729E+00  0.395954E-03
     1         31     2     2  0.236828E+00  0.236828E+00  0.989886E-04
     1         32     1     2  0.236927E+00  0.236927E+00  0.989886E-04
     1         33     1     2  0.237075E+00  0.237075E+00  0.148483E-03
     1         34     1     2  0.237298E+00  0.237298E+00  0.222724E-03
     1         35     1U   15  0.237298E+00  0.237298E+00  0.334087E-03
     1         35     2     2  0.237381E+00  0.237381E+00  0.835216E-04
     1         36     1     2  0.237465E+00  0.237465E+00  0.835216E-04
     1         37     1     2  0.237590E+00  0.237590E+00  0.125282E-03
     1         38     1     2  0.237778E+00  0.237778E+00  0.187924E-03
     1         39     1     3  0.238060E+00  0.238060E+00  0.281886E-03
     1         40     1     6  0.238483E+00  0.238483E+00  0.422828E-03
     1         41     1U   13  0.238483E+00  0.238483E+00  0.422828E-03
     1         41     2     2  0.238589E+00  0.238589E+00  0.105707E-03
     1         42     1     2  0.238694E+00  0.238694E+00  0.105707E-03
     1         43     1     3  0.238853E+00  0.238853E+00  0.158561E-03
     1         44     1     3  0.239091E+00  0.239091E+00  0.237841E-03
     1         45     1     2  0.239447E+00  0.239447E+00  0.356761E-03
     1         46     1U   14  0.239447E+00  0.239447E+00  0.535142E-03
     1         46     2     2  0.239581E+00  0.239581E+00  0.133786E-03
