SUMMARY OF JOB INFORMATION
  STEP      INC     ATT  ITRS     TOT TIME     STEP TIME      INC TIME
     1          1     1     2  0.600000E-02  0.600000E-02  0.600000E-02
     1          2     1     2  0.120000E-01  0.120000E-01  0.600000E-02
     1          3     1     2  0.180000E-01  0.180000E-01  0.600000E-02
     1          4     1     2  0.240000E-01  0.240000E-01  0.600000E-02
     1          5     1     2  0.300000E-01  0.300000E-01  0.600000E-02
     1          6     1     2  0.360000E-01  0.360000E-01  0.600000E-02
     1          7     1     2  0.420000E-01  0.420000E-01  0.600000E-02
     1          8     1     2  0.480000E-01  0.480000E-01  0.600000E-02
     1          9     1     2  0.540000E-01  0.540000E-01  0.600000E-02
     1         10     1     2  0.600000E-01  0.600000E-01  0.600000E-02
     1         11     1     2  0.660000E-01  0.660000E-01  0.600000E-02
     1         12     1     2  0.720000E-01  0.720000E-01  0.600000E-02
     1         13     1     2  0.780000E-01  0.780000E-01  0.600000E-02
     1         14     1     2  0.840000E-01  0.840000E-01  0.600000E-02
     1         15     1     2  0.900000E-01  0.900000E-01  0.600000E-02
     1         16     1     2  0.960000E-01  0.960000E-01  0.600000E-02
     1         17     1    11  0.102000E+00  0.102000E+00  0.600000E-02
     1         18     1     6  0.108000E+00  0.108000E+00  0.600000E-02
     1         19     1     5  0.114000E+00  0.114000E+00  0.600000E-02
     1         20     1     5  0.120000E+00  0.120000E+00  0.600000E-02
     1         21     1     4  0.126000E+00  0.126000E+00  0.600000E-02
     1         22     1     4  0.132000E+00  0.132000E+00  0.600000E-02
     1         23     1     5  0.138000E+00  0.138000E+00  0.600000E-02
     1         24     1     4  0.144000E+00  0.144000E+00  0.600000E-02
     1         25     1     4  0.150000E+00  0.150000E+00  0.600000E-02
     1         26     1     5  0.156000E+00  0.156000E+00  0.600000E-02
     1         27     1     5  0.162000E+00  0.162000E+00  0.600000E-02
     1         28     1     5  0.168000E+00  0.168000E+00  0.600000E-02
     1         29     1     5  0.174000E+00  0.174000E+00  0.600000E-02
     1         30     1     5  0.180000E+00  0.180000E+00  0.600000E-02
     1         31     1     5  0.186000E+00  0.186000E+00  0.600000E-02
     1         32     1     5  0.192000E+00  0.192000E+00  0.600000E-02
     1         33     1     5  0.198000E+00  0.198000E+00  0.600000E-02
     1         34     1     5  0.204000E+00  0.204000E+00  0.600000E-02
     1         35     1     5  0.210000E+00  0.210000E+00  0.600000E-02
     1         36     1     5  0.216000E+00  0.216000E+00  0.600000E-02
     1         37     1     5  0.222000E+00  0.222000E+00  0.600000E-02
     1         38     1     5  0.228000E+00  0.228000E+00  0.600000E-02
     1         39     1     5  0.234000E+00  0.234000E+00  0.600000E-02
     1         40     1     5  0.240000E+00  0.240000E+00  0.600000E-02
     1         41     1     5  0.246000E+00  0.246000E+00  0.600000E-02
     1         42     1     6  0.252000E+00  0.252000E+00  0.600000E-02
     1         43     1     5  0.258000E+00  0.258000E+00  0.600000E-02
     1         44     1     5  0.264000E+00  0.264000E+00  0.600000E-02
     1         45     1     5  0.270000E+00  0.270000E+00  0.600000E-02
     1         46     1     5  0.276000E+00  0.276000E+00  0.600000E-02
     1         47     1     6  0.282000E+00  0.282000E+00  0.600000E-02
     1         48     1     5  0.288000E+00  0.288000E+00  0.600000E-02
     1         49     1     5  0.294000E+00  0.294000E+00  0.600000E-02
     1         50     1     6  0.300000E+00  0.300000E+00  0.600000E-02
     1         51     1     4  0.306000E+00  0.306000E+00  0.600000E-02
     1         52     1     4  0.312000E+00  0.312000E+00  0.600000E-02
     1         53     1     4  0.318000E+00  0.318000E+00  0.600000E-02
     1         54     1     4  0.324000E+00  0.324000E+00  0.600000E-02
     1         55     1     4  0.330000E+00  0.330000E+00  0.600000E-02
     1         56     1     4  0.336000E+00  0.336000E+00  0.600000E-02
     1         57     1     4  0.342000E+00  0.342000E+00  0.600000E-02
     1         58     1     4  0.348000E+00  0.348000E+00  0.600000E-02
     1         59     1     4  0.354000E+00  0.354000E+00  0.600000E-02
     1         60     1     4  0.360000E+00  0.360000E+00  0.600000E-02
     1         61     1     5  0.366000E+00  0.366000E+00  0.600000E-02
     1         62     1     4  0.372000E+00  0.372000E+00  0.600000E-02
     1         63     1     4  0.378000E+00  0.378000E+00  0.600000E-02
     1         64     1     5  0.384000E+00  0.384000E+00  0.600000E-02
     1         65     1     4  0.390000E+00  0.390000E+00  0.600000E-02
     1         66     1     4  0.396000E+00  0.396000E+00  0.600000E-02
     1         67     1     4  0.402000E+00  0.402000E+00  0.600000E-02
     1         68     1     4  0.408000E+00  0.408000E+00  0.600000E-02
     1         69     1     4  0.414000E+00  0.414000E+00  0.600000E-02
     1         70     1     4  0.420000E+00  0.420000E+00  0.600000E-02
     1         71     1     4  0.426000E+00  0.426000E+00  0.600000E-02
     1         72     1     4  0.432000E+00  0.432000E+00  0.600000E-02
     1         73     1     4  0.438000E+00  0.438000E+00  0.600000E-02
     1         74     1     4  0.444000E+00  0.444000E+00  0.600000E-02
     1         75     1     4  0.450000E+00  0.450000E+00  0.600000E-02
     1         76     1     6  0.456000E+00  0.456000E+00  0.600000E-02
     1         77     1     6  0.462000E+00  0.462000E+00  0.600000E-02
     1         78     1     8  0.468000E+00  0.468000E+00  0.600000E-02
     1         79     1     4  0.474000E+00  0.474000E+00  0.600000E-02
     1         80     1     4  0.480000E+00  0.480000E+00  0.600000E-02
     1         81     1     3  0.486000E+00  0.486000E+00  0.600000E-02
     1         82     1     4  0.492000E+00  0.492000E+00  0.600000E-02
     1         83     1     3  0.498000E+00  0.498000E+00  0.600000E-02
     1         84     1     3  0.504000E+00  0.504000E+00  0.600000E-02
     1         85     1     3  0.510000E+00  0.510000E+00  0.600000E-02
     1         86     1     3  0.516000E+00  0.516000E+00  0.600000E-02
     1         87     1     3  0.522000E+00  0.522000E+00  0.600000E-02
     1         88     1     3  0.528000E+00  0.528000E+00  0.600000E-02
     1         89     1     3  0.534000E+00  0.534000E+00  0.600000E-02
     1         90     1     3  0.540000E+00  0.540000E+00  0.600000E-02
     1         91     1     3  0.546000E+00  0.546000E+00  0.600000E-02
     1         92     1     3  0.552000E+00  0.552000E+00  0.600000E-02
     1         93     1     3  0.558000E+00  0.558000E+00  0.600000E-02
     1         94     1     3  0.564000E+00  0.564000E+00  0.600000E-02
     1         95     1     3  0.570000E+00  0.570000E+00  0.600000E-02
     1         96     1     2  0.576000E+00  0.576000E+00  0.600000E-02
     1         97     1     2  0.582000E+00  0.582000E+00  0.600000E-02
     1         98     1     3  0.588000E+00  0.588000E+00  0.600000E-02
     1         99     1     2  0.594000E+00  0.594000E+00  0.600000E-02
     1        100     1     2  0.600000E+00  0.600000E+00  0.600000E-02
     1        101     1     3  0.606000E+00  0.606000E+00  0.600000E-02
     1        102     1    10  0.612000E+00  0.612000E+00  0.600000E-02
     1        103     1     7  0.618000E+00  0.618000E+00  0.600000E-02
     1        104     1     7  0.624000E+00  0.624000E+00  0.600000E-02
     1        105     1     5  0.630000E+00  0.630000E+00  0.600000E-02
     1        106     1    12  0.636000E+00  0.636000E+00  0.600000E-02
     1        107     1     8  0.642000E+00  0.642000E+00  0.600000E-02
     1        108     1     7  0.648000E+00  0.648000E+00  0.600000E-02
     1        109     1     6  0.654000E+00  0.654000E+00  0.600000E-02
     1        110     1     5  0.660000E+00  0.660000E+00  0.600000E-02
     1        111     1     8  0.666000E+00  0.666000E+00  0.600000E-02
     1        112     1     7  0.672000E+00  0.672000E+00  0.600000E-02
     1        113     1     7  0.678000E+00  0.678000E+00  0.600000E-02
     1        114     1     6  0.684000E+00  0.684000E+00  0.600000E-02
     1        115     1     4  0.690000E+00  0.690000E+00  0.600000E-02
     1        116     1    10  0.696000E+00  0.696000E+00  0.600000E-02
     1        117     1     6  0.702000E+00  0.702000E+00  0.600000E-02
     1        118     1     6  0.708000E+00  0.708000E+00  0.600000E-02
     1        119     1     5  0.714000E+00  0.714000E+00  0.600000E-02
     1        120     1     9  0.720000E+00  0.720000E+00  0.600000E-02
     1        121     1     6  0.726000E+00  0.726000E+00  0.600000E-02
     1        122     1     6  0.732000E+00  0.732000E+00  0.600000E-02
     1        123     1     5  0.738000E+00  0.738000E+00  0.600000E-02
     1        124     1     9  0.744000E+00  0.744000E+00  0.600000E-02
     1        125     1     5  0.750000E+00  0.750000E+00  0.600000E-02
     1        126     1     6  0.756000E+00  0.756000E+00  0.600000E-02
     1        127     1     5  0.762000E+00  0.762000E+00  0.600000E-02
     1        128     1    10  0.768000E+00  0.768000E+00  0.600000E-02
     1        129     1     6  0.774000E+00  0.774000E+00  0.600000E-02
     1        130     1     6  0.780000E+00  0.780000E+00  0.600000E-02
     1        131     1     5  0.786000E+00  0.786000E+00  0.600000E-02
     1        132     1     8  0.792000E+00  0.792000E+00  0.600000E-02
     1        133     1     5  0.798000E+00  0.798000E+00  0.600000E-02
     1        134     1     2  0.804000E+00  0.804000E+00  0.600000E-02
     1        135     1     3  0.810000E+00  0.810000E+00  0.600000E-02
     1        136     1     3  0.816000E+00  0.816000E+00  0.600000E-02
     1        137     1     2  0.822000E+00  0.822000E+00  0.600000E-02
     1        138     1     2  0.828000E+00  0.828000E+00  0.600000E-02
     1        139     1     2  0.834000E+00  0.834000E+00  0.600000E-02
     1        140     1     2  0.840000E+00  0.840000E+00  0.600000E-02
     1        141     1     2  0.846000E+00  0.846000E+00  0.600000E-02
     1        142     1     2  0.852000E+00  0.852000E+00  0.600000E-02
     1        143     1     2  0.858000E+00  0.858000E+00  0.600000E-02
     1        144     1     2  0.864000E+00  0.864000E+00  0.600000E-02
     1        145     1     2  0.870000E+00  0.870000E+00  0.600000E-02
     1        146     1     2  0.876000E+00  0.876000E+00  0.600000E-02
     1        147     1     2  0.882000E+00  0.882000E+00  0.600000E-02
     1        148     1     2  0.888000E+00  0.888000E+00  0.600000E-02
     1        149     1     2  0.894000E+00  0.894000E+00  0.600000E-02
     1        150     1     2  0.900000E+00  0.900000E+00  0.600000E-02
     1        151     1     2  0.906000E+00  0.906000E+00  0.600000E-02
     1        152     1     2  0.912000E+00  0.912000E+00  0.600000E-02
     1        153     1     2  0.918000E+00  0.918000E+00  0.600000E-02
     1        154     1     2  0.924000E+00  0.924000E+00  0.600000E-02
     1        155     1     2  0.930000E+00  0.930000E+00  0.600000E-02
     1        156     1     2  0.936000E+00  0.936000E+00  0.600000E-02
     1        157     1     2  0.942000E+00  0.942000E+00  0.600000E-02
     1        158     1     2  0.948000E+00  0.948000E+00  0.600000E-02
     1        159     1     2  0.954000E+00  0.954000E+00  0.600000E-02
     1        160     1     2  0.960000E+00  0.960000E+00  0.600000E-02
     1        161     1     2  0.966000E+00  0.966000E+00  0.600000E-02
     1        162     1     2  0.972000E+00  0.972000E+00  0.600000E-02
     1        163     1     2  0.978000E+00  0.978000E+00  0.600000E-02
     1        164     1     2  0.984000E+00  0.984000E+00  0.600000E-02
     1        165     1     2  0.990000E+00  0.990000E+00  0.600000E-02
     1        166     1     2  0.996000E+00  0.996000E+00  0.600000E-02
     1        167     1     2  0.100000E+01  0.100000E+01  0.400000E-02
