SUMMARY OF JOB INFORMATION
  STEP      INC     ATT  ITRS     TOT TIME     STEP TIME      INC TIME
     1          1     1     2  0.500000E-02  0.500000E-02  0.500000E-02
     1          2     1     2  0.100000E-01  0.100000E-01  0.500000E-02
     1          3     1     2  0.150000E-01  0.150000E-01  0.500000E-02
     1          4     1     2  0.200000E-01  0.200000E-01  0.500000E-02
     1          5     1     2  0.250000E-01  0.250000E-01  0.500000E-02
     1          6     1     2  0.300000E-01  0.300000E-01  0.500000E-02
     1          7     1     2  0.350000E-01  0.350000E-01  0.500000E-02
     1          8     1     2  0.400000E-01  0.400000E-01  0.500000E-02
     1          9     1     2  0.450000E-01  0.450000E-01  0.500000E-02
     1         10     1     2  0.500000E-01  0.500000E-01  0.500000E-02
     1         11     1     2  0.550000E-01  0.550000E-01  0.500000E-02
     1         12     1     2  0.600000E-01  0.600000E-01  0.500000E-02
     1         13     1     2  0.650000E-01  0.650000E-01  0.500000E-02
     1         14     1     2  0.700000E-01  0.700000E-01  0.500000E-02
     1         15     1     2  0.750000E-01  0.750000E-01  0.500000E-02
     1         16     1     3  0.800000E-01  0.800000E-01  0.500000E-02
     1         17     1     3  0.850000E-01  0.850000E-01  0.500000E-02
     1         18     1     2  0.900000E-01  0.900000E-01  0.500000E-02
     1         19     1     2  0.950000E-01  0.950000E-01  0.500000E-02
     1         20     1U   16  0.950000E-01  0.950000E-01  0.500000E-02
     1         20     2     2  0.975000E-01  0.975000E-01  0.250000E-02
     1         21     1U   16  0.975000E-01  0.975000E-01  0.250000E-02
     1         21     2    18  0.987500E-01  0.987500E-01  0.125000E-02
     1         22     1U   13  0.987500E-01  0.987500E-01  0.937500E-03
     1         22     2    10  0.989844E-01  0.989844E-01  0.234375E-03
     1         23     1    10  0.992188E-01  0.992188E-01  0.234375E-03
     1         24     1    18  0.994531E-01  0.994531E-01  0.234375E-03
     1         25     1U   13  0.994531E-01  0.994531E-01  0.175781E-03
     1         25     2    13  0.994971E-01  0.994971E-01  0.439453E-04
     1         26     1    13  0.995300E-01  0.995300E-01  0.329590E-04
     1         27     1U   12  0.995300E-01  0.995300E-01  0.247192E-04
     1         27     2U   16  0.995300E-01  0.995300E-01  0.617981E-05
     1         27     3U   16  0.995300E-01  0.995300E-01  0.308990E-05
     1         27     4U   17  0.995300E-01  0.995300E-01  0.154495E-05
