SUMMARY OF JOB INFORMATION
  STEP      INC     ATT  ITRS     TOT TIME     STEP TIME      INC TIME
     1          1     1     2  0.250000E-02  0.250000E-02  0.250000E-02
     1          2     1     2  0.500000E-02  0.500000E-02  0.250000E-02
     1          3     1     2  0.750000E-02  0.750000E-02  0.250000E-02
     1          4     1     2  0.100000E-01  0.100000E-01  0.250000E-02
     1          5     1     2  0.125000E-01  0.125000E-01  0.250000E-02
     1          6     1     2  0.150000E-01  0.150000E-01  0.250000E-02
     1          7     1     2  0.175000E-01  0.175000E-01  0.250000E-02
     1          8     1     2  0.200000E-01  0.200000E-01  0.250000E-02
     1          9     1     2  0.225000E-01  0.225000E-01  0.250000E-02
     1         10     1     2  0.250000E-01  0.250000E-01  0.250000E-02
     1         11     1     2  0.275000E-01  0.275000E-01  0.250000E-02
     1         12     1     2  0.300000E-01  0.300000E-01  0.250000E-02
     1         13     1     2  0.325000E-01  0.325000E-01  0.250000E-02
     1         14     1     2  0.350000E-01  0.350000E-01  0.250000E-02
     1         15     1     2  0.375000E-01  0.375000E-01  0.250000E-02
     1         16     1     2  0.400000E-01  0.400000E-01  0.250000E-02
     1         17     1     2  0.425000E-01  0.425000E-01  0.250000E-02
     1         18     1     2  0.450000E-01  0.450000E-01  0.250000E-02
     1         19     1     2  0.475000E-01  0.475000E-01  0.250000E-02
     1         20     1     2  0.500000E-01  0.500000E-01  0.250000E-02
     1         21     1     2  0.525000E-01  0.525000E-01  0.250000E-02
     1         22     1     2  0.550000E-01  0.550000E-01  0.250000E-02
     1         23     1     2  0.575000E-01  0.575000E-01  0.250000E-02
     1         24     1     2  0.600000E-01  0.600000E-01  0.250000E-02
     1         25     1     2  0.625000E-01  0.625000E-01  0.250000E-02
     1         26     1     2  0.650000E-01  0.650000E-01  0.250000E-02
     1         27     1     2  0.675000E-01  0.675000E-01  0.250000E-02
     1         28     1     2  0.700000E-01  0.700000E-01  0.250000E-02
     1         29     1     2  0.725000E-01  0.725000E-01  0.250000E-02
     1         30     1     2  0.750000E-01  0.750000E-01  0.250000E-02
     1         31     1     2  0.775000E-01  0.775000E-01  0.250000E-02
     1         32     1    10  0.800000E-01  0.800000E-01  0.250000E-02
     1         33     1     5  0.825000E-01  0.825000E-01  0.250000E-02
     1         34     1     4  0.850000E-01  0.850000E-01  0.250000E-02
     1         35     1     4  0.875000E-01  0.875000E-01  0.250000E-02
     1         36     1     4  0.900000E-01  0.900000E-01  0.250000E-02
     1         37     1     3  0.925000E-01  0.925000E-01  0.250000E-02
     1         38     1     4  0.950000E-01  0.950000E-01  0.250000E-02
     1         39     1     4  0.975000E-01  0.975000E-01  0.250000E-02
     1         40     1     3  0.100000E+00  0.100000E+00  0.250000E-02
     1         41     1    11  0.102500E+00  0.102500E+00  0.250000E-02
     1         42     1    12  0.105000E+00  0.105000E+00  0.250000E-02
     1         43     1    11  0.107500E+00  0.107500E+00  0.250000E-02
     1         44     1    12  0.110000E+00  0.110000E+00  0.250000E-02
     1         45     1    12  0.112500E+00  0.112500E+00  0.250000E-02
     1         46     1    12  0.115000E+00  0.115000E+00  0.250000E-02
     1         47     1    12  0.117500E+00  0.117500E+00  0.250000E-02
     1         48     1    11  0.120000E+00  0.120000E+00  0.250000E-02
     1         49     1    12  0.122500E+00  0.122500E+00  0.250000E-02
     1         50     1    11  0.125000E+00  0.125000E+00  0.250000E-02
     1         51     1    11  0.127500E+00  0.127500E+00  0.250000E-02
     1         52     1    11  0.130000E+00  0.130000E+00  0.250000E-02
     1         53     1    11  0.132500E+00  0.132500E+00  0.250000E-02
     1         54     1    11  0.135000E+00  0.135000E+00  0.250000E-02
     1         55     1    12  0.137500E+00  0.137500E+00  0.250000E-02
     1         56     1    11  0.140000E+00  0.140000E+00  0.250000E-02
     1         57     1    11  0.142500E+00  0.142500E+00  0.250000E-02
     1         58     1    11  0.145000E+00  0.145000E+00  0.250000E-02
     1         59     1    11  0.147500E+00  0.147500E+00  0.250000E-02
     1         60     1    11  0.150000E+00  0.150000E+00  0.250000E-02
     1         61     1    12  0.152500E+00  0.152500E+00  0.250000E-02
     1         62     1    11  0.155000E+00  0.155000E+00  0.250000E-02
     1         63     1    11  0.157500E+00  0.157500E+00  0.250000E-02
     1         64     1    13  0.160000E+00  0.160000E+00  0.250000E-02
     1         65     1    11  0.162500E+00  0.162500E+00  0.250000E-02
     1         66     1    11  0.165000E+00  0.165000E+00  0.250000E-02
     1         67     1    11  0.167500E+00  0.167500E+00  0.250000E-02
     1         68     1    11  0.170000E+00  0.170000E+00  0.250000E-02
     1         69     1    11  0.172500E+00  0.172500E+00  0.250000E-02
     1         70     1    11  0.175000E+00  0.175000E+00  0.250000E-02
     1         71     1    12  0.177500E+00  0.177500E+00  0.250000E-02
     1         72     1    11  0.180000E+00  0.180000E+00  0.250000E-02
     1         73     1    11  0.182500E+00  0.182500E+00  0.250000E-02
     1         74     1    14  0.185000E+00  0.185000E+00  0.250000E-02
     1         75     1    15  0.187500E+00  0.187500E+00  0.250000E-02
     1         76     1    16  0.190000E+00  0.190000E+00  0.250000E-02
     1         77     1    16  0.192500E+00  0.192500E+00  0.250000E-02
     1         78     1    17  0.195000E+00  0.195000E+00  0.250000E-02
     1         79     1    17  0.197500E+00  0.197500E+00  0.250000E-02
     1         80     1    16  0.200000E+00  0.200000E+00  0.250000E-02
     1         81     1    17  0.202500E+00  0.202500E+00  0.250000E-02
     1         82     1    17  0.205000E+00  0.205000E+00  0.250000E-02
     1         83     1    15  0.207500E+00  0.207500E+00  0.250000E-02
     1         84     1    18  0.210000E+00  0.210000E+00  0.250000E-02
     1         85     1    17  0.212500E+00  0.212500E+00  0.250000E-02
     1         86     1    16  0.215000E+00  0.215000E+00  0.250000E-02
     1         87     1    18  0.217500E+00  0.217500E+00  0.250000E-02
     1         88     1    16  0.220000E+00  0.220000E+00  0.250000E-02
     1         89     1    15  0.222500E+00  0.222500E+00  0.250000E-02
     1         90     1    15  0.225000E+00  0.225000E+00  0.250000E-02
     1         91     1    16  0.227500E+00  0.227500E+00  0.250000E-02
     1         92     1    15  0.230000E+00  0.230000E+00  0.250000E-02
     1         93     1    15  0.232500E+00  0.232500E+00  0.250000E-02
     1         94     1    15  0.235000E+00  0.235000E+00  0.250000E-02
     1         95     1    14  0.237500E+00  0.237500E+00  0.250000E-02
     1         96     1    13  0.240000E+00  0.240000E+00  0.250000E-02
     1         97     1    13  0.242500E+00  0.242500E+00  0.250000E-02
     1         98     1    13  0.245000E+00  0.245000E+00  0.250000E-02
     1         99     1    14  0.247500E+00  0.247500E+00  0.250000E-02
     1        100     1    10  0.250000E+00  0.250000E+00  0.250000E-02
     1        101     1    10  0.252500E+00  0.252500E+00  0.250000E-02
     1        102     1     9  0.255000E+00  0.255000E+00  0.250000E-02
     1        103     1     9  0.257500E+00  0.257500E+00  0.250000E-02
     1        104     1    10  0.260000E+00  0.260000E+00  0.250000E-02
     1        105     1    12  0.262500E+00  0.262500E+00  0.250000E-02
     1        106     1    13  0.265000E+00  0.265000E+00  0.250000E-02
     1        107     1    14  0.267500E+00  0.267500E+00  0.250000E-02
     1        108     1    13  0.270000E+00  0.270000E+00  0.250000E-02
     1        109     1    13  0.272500E+00  0.272500E+00  0.250000E-02
     1        110     1    13  0.275000E+00  0.275000E+00  0.250000E-02
     1        111     1    13  0.277500E+00  0.277500E+00  0.250000E-02
     1        112     1    12  0.280000E+00  0.280000E+00  0.250000E-02
     1        113     1     6  0.282500E+00  0.282500E+00  0.250000E-02
     1        114     1     4  0.285000E+00  0.285000E+00  0.250000E-02
     1        115     1     7  0.287500E+00  0.287500E+00  0.250000E-02
     1        116     1     2  0.290000E+00  0.290000E+00  0.250000E-02
     1        117     1     2  0.292500E+00  0.292500E+00  0.250000E-02
     1        118     1     2  0.295000E+00  0.295000E+00  0.250000E-02
     1        119     1     2  0.297500E+00  0.297500E+00  0.250000E-02
     1        120     1     2  0.300000E+00  0.300000E+00  0.250000E-02
     1        121     1     2  0.302500E+00  0.302500E+00  0.250000E-02
     1        122     1     2  0.305000E+00  0.305000E+00  0.250000E-02
     1        123     1     2  0.307500E+00  0.307500E+00  0.250000E-02
     1        124     1     2  0.310000E+00  0.310000E+00  0.250000E-02
     1        125     1     2  0.312500E+00  0.312500E+00  0.250000E-02
     1        126     1     2  0.315000E+00  0.315000E+00  0.250000E-02
     1        127     1     2  0.317500E+00  0.317500E+00  0.250000E-02
     1        128     1    34  0.320000E+00  0.320000E+00  0.250000E-02
     1        129     1    10  0.322500E+00  0.322500E+00  0.250000E-02
     1        130     1     5  0.325000E+00  0.325000E+00  0.250000E-02
     1        131     1     4  0.327500E+00  0.327500E+00  0.250000E-02
     1        132     1     4  0.330000E+00  0.330000E+00  0.250000E-02
     1        133     1     4  0.332500E+00  0.332500E+00  0.250000E-02
     1        134     1     4  0.335000E+00  0.335000E+00  0.250000E-02
     1        135     1     4  0.337500E+00  0.337500E+00  0.250000E-02
     1        136     1     5  0.340000E+00  0.340000E+00  0.250000E-02
     1        137     1     4  0.342500E+00  0.342500E+00  0.250000E-02
     1        138     1     4  0.345000E+00  0.345000E+00  0.250000E-02
     1        139     1     4  0.347500E+00  0.347500E+00  0.250000E-02
     1        140     1     4  0.350000E+00  0.350000E+00  0.250000E-02
     1        141     1     4  0.352500E+00  0.352500E+00  0.250000E-02
     1        142     1     4  0.355000E+00  0.355000E+00  0.250000E-02
     1        143     1     4  0.357500E+00  0.357500E+00  0.250000E-02
     1        144     1     4  0.360000E+00  0.360000E+00  0.250000E-02
     1        145     1     5  0.362500E+00  0.362500E+00  0.250000E-02
     1        146     1     5  0.365000E+00  0.365000E+00  0.250000E-02
     1        147     1     5  0.367500E+00  0.367500E+00  0.250000E-02
     1        148     1     4  0.370000E+00  0.370000E+00  0.250000E-02
     1        149     1     4  0.372500E+00  0.372500E+00  0.250000E-02
     1        150     1     5  0.375000E+00  0.375000E+00  0.250000E-02
     1        151     1     5  0.377500E+00  0.377500E+00  0.250000E-02
     1        152     1     5  0.380000E+00  0.380000E+00  0.250000E-02
     1        153     1     5  0.382500E+00  0.382500E+00  0.250000E-02
     1        154     1     5  0.385000E+00  0.385000E+00  0.250000E-02
     1        155     1     5  0.387500E+00  0.387500E+00  0.250000E-02
     1        156     1     5  0.390000E+00  0.390000E+00  0.250000E-02
     1        157     1     5  0.392500E+00  0.392500E+00  0.250000E-02
     1        158     1     5  0.395000E+00  0.395000E+00  0.250000E-02
     1        159     1     5  0.397500E+00  0.397500E+00  0.250000E-02
     1        160     1     5  0.400000E+00  0.400000E+00  0.250000E-02
     1        161     1     5  0.402500E+00  0.402500E+00  0.250000E-02
     1        162     1     5  0.405000E+00  0.405000E+00  0.250000E-02
     1        163     1     5  0.407500E+00  0.407500E+00  0.250000E-02
     1        164     1     5  0.410000E+00  0.410000E+00  0.250000E-02
     1        165     1     5  0.412500E+00  0.412500E+00  0.250000E-02
     1        166     1     5  0.415000E+00  0.415000E+00  0.250000E-02
     1        167     1     5  0.417500E+00  0.417500E+00  0.250000E-02
     1        168     1     5  0.420000E+00  0.420000E+00  0.250000E-02
     1        169     1     5  0.422500E+00  0.422500E+00  0.250000E-02
     1        170     1     5  0.425000E+00  0.425000E+00  0.250000E-02
     1        171     1     5  0.427500E+00  0.427500E+00  0.250000E-02
     1        172     1     5  0.430000E+00  0.430000E+00  0.250000E-02
     1        173     1     5  0.432500E+00  0.432500E+00  0.250000E-02
     1        174     1     5  0.435000E+00  0.435000E+00  0.250000E-02
     1        175     1     5  0.437500E+00  0.437500E+00  0.250000E-02
     1        176     1     5  0.440000E+00  0.440000E+00  0.250000E-02
     1        177     1     5  0.442500E+00  0.442500E+00  0.250000E-02
     1        178     1     5  0.445000E+00  0.445000E+00  0.250000E-02
     1        179     1     5  0.447500E+00  0.447500E+00  0.250000E-02
     1        180     1     5  0.450000E+00  0.450000E+00  0.250000E-02
     1        181     1     3  0.452500E+00  0.452500E+00  0.250000E-02
     1        182     1     2  0.455000E+00  0.455000E+00  0.250000E-02
     1        183     1     3  0.457500E+00  0.457500E+00  0.250000E-02
     1        184     1     3  0.460000E+00  0.460000E+00  0.250000E-02
     1        185     1     3  0.462500E+00  0.462500E+00  0.250000E-02
     1        186     1     3  0.465000E+00  0.465000E+00  0.250000E-02
     1        187     1     3  0.467500E+00  0.467500E+00  0.250000E-02
     1        188     1     2  0.470000E+00  0.470000E+00  0.250000E-02
     1        189     1     2  0.472500E+00  0.472500E+00  0.250000E-02
     1        190     1     2  0.475000E+00  0.475000E+00  0.250000E-02
     1        191     1     3  0.477500E+00  0.477500E+00  0.250000E-02
     1        192     1     3  0.480000E+00  0.480000E+00  0.250000E-02
     1        193     1     3  0.482500E+00  0.482500E+00  0.250000E-02
     1        194     1     3  0.485000E+00  0.485000E+00  0.250000E-02
     1        195     1     3  0.487500E+00  0.487500E+00  0.250000E-02
     1        196     1     3  0.490000E+00  0.490000E+00  0.250000E-02
     1        197     1     3  0.492500E+00  0.492500E+00  0.250000E-02
     1        198     1     3  0.495000E+00  0.495000E+00  0.250000E-02
     1        199     1     3  0.497500E+00  0.497500E+00  0.250000E-02
     1        200     1     3  0.500000E+00  0.500000E+00  0.250000E-02
     1        201     1     3  0.502500E+00  0.502500E+00  0.250000E-02
     1        202     1     3  0.505000E+00  0.505000E+00  0.250000E-02
     1        203     1     3  0.507500E+00  0.507500E+00  0.250000E-02
     1        204     1     3  0.510000E+00  0.510000E+00  0.250000E-02
     1        205     1     3  0.512500E+00  0.512500E+00  0.250000E-02
     1        206     1     3  0.515000E+00  0.515000E+00  0.250000E-02
     1        207     1     3  0.517500E+00  0.517500E+00  0.250000E-02
     1        208     1     3  0.520000E+00  0.520000E+00  0.250000E-02
     1        209     1     3  0.522500E+00  0.522500E+00  0.250000E-02
     1        210     1     3  0.525000E+00  0.525000E+00  0.250000E-02
     1        211     1     3  0.527500E+00  0.527500E+00  0.250000E-02
     1        212     1     3  0.530000E+00  0.530000E+00  0.250000E-02
     1        213     1     3  0.532500E+00  0.532500E+00  0.250000E-02
     1        214     1     3  0.535000E+00  0.535000E+00  0.250000E-02
     1        215     1     3  0.537500E+00  0.537500E+00  0.250000E-02
     1        216     1     3  0.540000E+00  0.540000E+00  0.250000E-02
     1        217     1     3  0.542500E+00  0.542500E+00  0.250000E-02
     1        218     1     3  0.545000E+00  0.545000E+00  0.250000E-02
     1        219     1     2  0.547500E+00  0.547500E+00  0.250000E-02
     1        220     1     2  0.550000E+00  0.550000E+00  0.250000E-02
     1        221     1     6  0.552500E+00  0.552500E+00  0.250000E-02
     1        222     1     6  0.555000E+00  0.555000E+00  0.250000E-02
     1        223     1     6  0.557500E+00  0.557500E+00  0.250000E-02
     1        224     1     6  0.560000E+00  0.560000E+00  0.250000E-02
     1        225     1     7  0.562500E+00  0.562500E+00  0.250000E-02
     1        226     1     4  0.565000E+00  0.565000E+00  0.250000E-02
     1        227     1     3  0.567500E+00  0.567500E+00  0.250000E-02
     1        228     1     4  0.570000E+00  0.570000E+00  0.250000E-02
     1        229     1     3  0.572500E+00  0.572500E+00  0.250000E-02
     1        230     1     2  0.575000E+00  0.575000E+00  0.250000E-02
     1        231     1     3  0.577500E+00  0.577500E+00  0.250000E-02
     1        232     1     3  0.580000E+00  0.580000E+00  0.250000E-02
     1        233     1     3  0.582500E+00  0.582500E+00  0.250000E-02
     1        234     1     3  0.585000E+00  0.585000E+00  0.250000E-02
     1        235     1     3  0.587500E+00  0.587500E+00  0.250000E-02
     1        236     1     3  0.590000E+00  0.590000E+00  0.250000E-02
     1        237     1     3  0.592500E+00  0.592500E+00  0.250000E-02
     1        238     1     3  0.595000E+00  0.595000E+00  0.250000E-02
     1        239     1     3  0.597500E+00  0.597500E+00  0.250000E-02
     1        240     1     3  0.600000E+00  0.600000E+00  0.250000E-02
     1        241     1     3  0.602500E+00  0.602500E+00  0.250000E-02
     1        242     1     2  0.605000E+00  0.605000E+00  0.250000E-02
     1        243     1     3  0.607500E+00  0.607500E+00  0.250000E-02
     1        244     1     2  0.610000E+00  0.610000E+00  0.250000E-02
     1        245     1     2  0.612500E+00  0.612500E+00  0.250000E-02
     1        246     1     3  0.615000E+00  0.615000E+00  0.250000E-02
     1        247     1     3  0.617500E+00  0.617500E+00  0.250000E-02
     1        248     1     3  0.620000E+00  0.620000E+00  0.250000E-02
     1        249     1     3  0.622500E+00  0.622500E+00  0.250000E-02
     1        250     1     3  0.625000E+00  0.625000E+00  0.250000E-02
     1        251     1     3  0.627500E+00  0.627500E+00  0.250000E-02
     1        252     1     3  0.630000E+00  0.630000E+00  0.250000E-02
     1        253     1     3  0.632500E+00  0.632500E+00  0.250000E-02
     1        254     1     3  0.635000E+00  0.635000E+00  0.250000E-02
     1        255     1     2  0.637500E+00  0.637500E+00  0.250000E-02
     1        256     1     2  0.640000E+00  0.640000E+00  0.250000E-02
     1        257     1     2  0.642500E+00  0.642500E+00  0.250000E-02
     1        258     1     2  0.645000E+00  0.645000E+00  0.250000E-02
     1        259     1     2  0.647500E+00  0.647500E+00  0.250000E-02
     1        260     1     3  0.650000E+00  0.650000E+00  0.250000E-02
     1        261     1     3  0.652500E+00  0.652500E+00  0.250000E-02
     1        262     1     3  0.655000E+00  0.655000E+00  0.250000E-02
     1        263     1     4  0.657500E+00  0.657500E+00  0.250000E-02
     1        264     1    14  0.660000E+00  0.660000E+00  0.250000E-02
     1        265     1     9  0.662500E+00  0.662500E+00  0.250000E-02
     1        266     1     6  0.665000E+00  0.665000E+00  0.250000E-02
     1        267     1     6  0.667500E+00  0.667500E+00  0.250000E-02
     1        268     1     5  0.670000E+00  0.670000E+00  0.250000E-02
     1        269     1     5  0.672500E+00  0.672500E+00  0.250000E-02
     1        270     1     5  0.675000E+00  0.675000E+00  0.250000E-02
     1        271     1     5  0.677500E+00  0.677500E+00  0.250000E-02
     1        272     1     5  0.680000E+00  0.680000E+00  0.250000E-02
     1        273     1     5  0.682500E+00  0.682500E+00  0.250000E-02
     1        274     1     4  0.685000E+00  0.685000E+00  0.250000E-02
     1        275     1     4  0.687500E+00  0.687500E+00  0.250000E-02
     1        276     1     5  0.690000E+00  0.690000E+00  0.250000E-02
     1        277     1    15  0.692500E+00  0.692500E+00  0.250000E-02
     1        278     1     6  0.695000E+00  0.695000E+00  0.250000E-02
     1        279     1     6  0.697500E+00  0.697500E+00  0.250000E-02
     1        280     1     5  0.700000E+00  0.700000E+00  0.250000E-02
     1        281     1     4  0.702500E+00  0.702500E+00  0.250000E-02
     1        282     1     3  0.705000E+00  0.705000E+00  0.250000E-02
     1        283     1    11  0.707500E+00  0.707500E+00  0.250000E-02
     1        284     1     5  0.710000E+00  0.710000E+00  0.250000E-02
     1        285     1     5  0.712500E+00  0.712500E+00  0.250000E-02
     1        286     1     5  0.715000E+00  0.715000E+00  0.250000E-02
     1        287     1     4  0.717500E+00  0.717500E+00  0.250000E-02
     1        288     1    11  0.720000E+00  0.720000E+00  0.250000E-02
     1        289     1     5  0.722500E+00  0.722500E+00  0.250000E-02
     1        290     1     5  0.725000E+00  0.725000E+00  0.250000E-02
     1        291     1     4  0.727500E+00  0.727500E+00  0.250000E-02
     1        292     1     4  0.730000E+00  0.730000E+00  0.250000E-02
     1        293     1    10  0.732500E+00  0.732500E+00  0.250000E-02
     1        294     1     5  0.735000E+00  0.735000E+00  0.250000E-02
     1        295     1     5  0.737500E+00  0.737500E+00  0.250000E-02
     1        296     1     4  0.740000E+00  0.740000E+00  0.250000E-02
     1        297     1     5  0.742500E+00  0.742500E+00  0.250000E-02
     1        298     1    10  0.745000E+00  0.745000E+00  0.250000E-02
     1        299     1     4  0.747500E+00  0.747500E+00  0.250000E-02
     1        300     1     6  0.750000E+00  0.750000E+00  0.250000E-02
     1        301     1     4  0.752500E+00  0.752500E+00  0.250000E-02
     1        302     1     7  0.755000E+00  0.755000E+00  0.250000E-02
     1        303     1     5  0.757500E+00  0.757500E+00  0.250000E-02
     1        304     1     4  0.760000E+00  0.760000E+00  0.250000E-02
     1        305     1    10  0.762500E+00  0.762500E+00  0.250000E-02
     1        306     1     5  0.765000E+00  0.765000E+00  0.250000E-02
     1        307     1     7  0.767500E+00  0.767500E+00  0.250000E-02
     1        308     1     4  0.770000E+00  0.770000E+00  0.250000E-02
     1        309     1    10  0.772500E+00  0.772500E+00  0.250000E-02
     1        310     1     4  0.775000E+00  0.775000E+00  0.250000E-02
     1        311     1     4  0.777500E+00  0.777500E+00  0.250000E-02
     1        312     1     4  0.780000E+00  0.780000E+00  0.250000E-02
     1        313     1    10  0.782500E+00  0.782500E+00  0.250000E-02
     1        314     1     4  0.785000E+00  0.785000E+00  0.250000E-02
     1        315     1     5  0.787500E+00  0.787500E+00  0.250000E-02
     1        316     1     4  0.790000E+00  0.790000E+00  0.250000E-02
     1        317     1    12  0.792500E+00  0.792500E+00  0.250000E-02
     1        318     1     4  0.795000E+00  0.795000E+00  0.250000E-02
     1        319     1     9  0.797500E+00  0.797500E+00  0.250000E-02
     1        320     1    11  0.800000E+00  0.800000E+00  0.250000E-02
     1        321     1    10  0.802500E+00  0.802500E+00  0.250000E-02
     1        322     1    11  0.805000E+00  0.805000E+00  0.250000E-02
     1        323     1     4  0.807500E+00  0.807500E+00  0.250000E-02
     1        324     1     4  0.810000E+00  0.810000E+00  0.250000E-02
     1        325     1     4  0.812500E+00  0.812500E+00  0.250000E-02
     1        326     1     6  0.815000E+00  0.815000E+00  0.250000E-02
     1        327     1     5  0.817500E+00  0.817500E+00  0.250000E-02
     1        328     1     8  0.820000E+00  0.820000E+00  0.250000E-02
     1        329     1     5  0.822500E+00  0.822500E+00  0.250000E-02
     1        330     1     2  0.825000E+00  0.825000E+00  0.250000E-02
     1        331     1     2  0.827500E+00  0.827500E+00  0.250000E-02
     1        332     1     2  0.830000E+00  0.830000E+00  0.250000E-02
     1        333     1     2  0.832500E+00  0.832500E+00  0.250000E-02
     1        334     1     2  0.835000E+00  0.835000E+00  0.250000E-02
     1        335     1     2  0.837500E+00  0.837500E+00  0.250000E-02
     1        336     1     2  0.840000E+00  0.840000E+00  0.250000E-02
     1        337     1     2  0.842500E+00  0.842500E+00  0.250000E-02
     1        338     1     2  0.845000E+00  0.845000E+00  0.250000E-02
     1        339     1     2  0.847500E+00  0.847500E+00  0.250000E-02
     1        340     1     2  0.850000E+00  0.850000E+00  0.250000E-02
     1        341     1     2  0.852500E+00  0.852500E+00  0.250000E-02
     1        342     1     2  0.855000E+00  0.855000E+00  0.250000E-02
     1        343     1     2  0.857500E+00  0.857500E+00  0.250000E-02
     1        344     1     2  0.860000E+00  0.860000E+00  0.250000E-02
     1        345     1     2  0.862500E+00  0.862500E+00  0.250000E-02
     1        346     1     2  0.865000E+00  0.865000E+00  0.250000E-02
     1        347     1     2  0.867500E+00  0.867500E+00  0.250000E-02
     1        348     1     2  0.870000E+00  0.870000E+00  0.250000E-02
     1        349     1     2  0.872500E+00  0.872500E+00  0.250000E-02
     1        350     1     2  0.875000E+00  0.875000E+00  0.250000E-02
     1        351     1     2  0.877500E+00  0.877500E+00  0.250000E-02
     1        352     1     2  0.880000E+00  0.880000E+00  0.250000E-02
     1        353     1     2  0.882500E+00  0.882500E+00  0.250000E-02
     1        354     1     2  0.885000E+00  0.885000E+00  0.250000E-02
     1        355     1     2  0.887500E+00  0.887500E+00  0.250000E-02
     1        356     1     2  0.890000E+00  0.890000E+00  0.250000E-02
     1        357     1     2  0.892500E+00  0.892500E+00  0.250000E-02
     1        358     1     2  0.895000E+00  0.895000E+00  0.250000E-02
     1        359     1     2  0.897500E+00  0.897500E+00  0.250000E-02
     1        360     1     2  0.900000E+00  0.900000E+00  0.250000E-02
     1        361     1     2  0.902500E+00  0.902500E+00  0.250000E-02
     1        362     1     2  0.905000E+00  0.905000E+00  0.250000E-02
     1        363     1     2  0.907500E+00  0.907500E+00  0.250000E-02
     1        364     1     2  0.910000E+00  0.910000E+00  0.250000E-02
     1        365     1     2  0.912500E+00  0.912500E+00  0.250000E-02
     1        366     1     2  0.915000E+00  0.915000E+00  0.250000E-02
     1        367     1     2  0.917500E+00  0.917500E+00  0.250000E-02
     1        368     1     2  0.920000E+00  0.920000E+00  0.250000E-02
     1        369     1     2  0.922500E+00  0.922500E+00  0.250000E-02
     1        370     1     2  0.925000E+00  0.925000E+00  0.250000E-02
     1        371     1     2  0.927500E+00  0.927500E+00  0.250000E-02
     1        372     1     2  0.930000E+00  0.930000E+00  0.250000E-02
     1        373     1     2  0.932500E+00  0.932500E+00  0.250000E-02
     1        374     1     2  0.935000E+00  0.935000E+00  0.250000E-02
     1        375     1     2  0.937500E+00  0.937500E+00  0.250000E-02
     1        376     1     2  0.940000E+00  0.940000E+00  0.250000E-02
     1        377     1     2  0.942500E+00  0.942500E+00  0.250000E-02
     1        378     1     2  0.945000E+00  0.945000E+00  0.250000E-02
     1        379     1     2  0.947500E+00  0.947500E+00  0.250000E-02
     1        380     1     2  0.950000E+00  0.950000E+00  0.250000E-02
     1        381     1     2  0.952500E+00  0.952500E+00  0.250000E-02
     1        382     1     2  0.955000E+00  0.955000E+00  0.250000E-02
     1        383     1     2  0.957500E+00  0.957500E+00  0.250000E-02
     1        384     1     2  0.960000E+00  0.960000E+00  0.250000E-02
     1        385     1     2  0.962500E+00  0.962500E+00  0.250000E-02
     1        386     1     2  0.965000E+00  0.965000E+00  0.250000E-02
     1        387     1     2  0.967500E+00  0.967500E+00  0.250000E-02
     1        388     1     2  0.970000E+00  0.970000E+00  0.250000E-02
     1        389     1     2  0.972500E+00  0.972500E+00  0.250000E-02
     1        390     1     2  0.975000E+00  0.975000E+00  0.250000E-02
     1        391     1     2  0.977500E+00  0.977500E+00  0.250000E-02
     1        392     1     2  0.980000E+00  0.980000E+00  0.250000E-02
     1        393     1     2  0.982500E+00  0.982500E+00  0.250000E-02
     1        394     1     2  0.985000E+00  0.985000E+00  0.250000E-02
     1        395     1     2  0.987500E+00  0.987500E+00  0.250000E-02
     1        396     1     2  0.990000E+00  0.990000E+00  0.250000E-02
     1        397     1     2  0.992500E+00  0.992500E+00  0.250000E-02
     1        398     1     2  0.995000E+00  0.995000E+00  0.250000E-02
     1        399     1     2  0.997500E+00  0.997500E+00  0.250000E-02
     1        400     1     2  0.100000E+01  0.100000E+01  0.250000E-02
