SUMMARY OF JOB INFORMATION
  STEP      INC     ATT  ITRS     TOT TIME     STEP TIME      INC TIME
     1          1     1     5  0.200000E+00  0.200000E+00  0.200000E+00
     1          2     1     6  0.400000E+00  0.400000E+00  0.200000E+00
     1          3     1U    6  0.400000E+00  0.400000E+00  0.200000E+00
     1          3     2     3  0.450000E+00  0.450000E+00  0.500000E-01
     1          4     1     3  0.500000E+00  0.500000E+00  0.500000E-01
     1          5     1U    5  0.500000E+00  0.500000E+00  0.750000E-01
     1          5     2U    5  0.500000E+00  0.500000E+00  0.187500E-01
     1          5     3U    7  0.500000E+00  0.500000E+00  0.468750E-02
     1          5     4     6  0.501172E+00  0.501172E+00  0.117188E-02
     1          6     1     2  0.502344E+00  0.502344E+00  0.117188E-02
     1          7     1     2  0.503516E+00  0.503516E+00  0.117188E-02
     1          8     1     2  0.505273E+00  0.505273E+00  0.175781E-02
     1          9     1     2  0.507910E+00  0.507910E+00  0.263672E-02
     1         10     1     2  0.511865E+00  0.511865E+00  0.395508E-02
     1         11     1     2  0.517798E+00  0.517798E+00  0.593262E-02
     1         12     1     2  0.526697E+00  0.526697E+00  0.889893E-02
     1         13     1     2  0.540045E+00  0.540045E+00  0.133484E-01
     1         14     1     2  0.560068E+00  0.560068E+00  0.200226E-01
     1         15     1     2  0.590102E+00  0.590102E+00  0.300339E-01
     1         16     1     3  0.635152E+00  0.635152E+00  0.450508E-01
     1         17     1     3  0.702729E+00  0.702729E+00  0.675762E-01
     1         18     1     3  0.804093E+00  0.804093E+00  0.101364E+00
     1         19     1     5  0.956139E+00  0.956139E+00  0.152046E+00
     1         20     1     3  0.100000E+01  0.100000E+01  0.438605E-01
