SUMMARY OF JOB INFORMATION
  STEP      INC     ATT  ITRS     TOT TIME     STEP TIME      INC TIME
     1          1     1     2  0.250000E-01  0.250000E-01  0.250000E-01
     1          2     1     2  0.500000E-01  0.500000E-01  0.250000E-01
     1          3     1     2  0.750000E-01  0.750000E-01  0.250000E-01
     1          4     1    10  0.100000E+00  0.100000E+00  0.250000E-01
     1          5     1    11  0.125000E+00  0.125000E+00  0.250000E-01
     1          6     1    11  0.150000E+00  0.150000E+00  0.250000E-01
     1          7     1    11  0.175000E+00  0.175000E+00  0.250000E-01
     1          8     1    11  0.200000E+00  0.200000E+00  0.250000E-01
     1          9     1    12  0.225000E+00  0.225000E+00  0.250000E-01
     1         10     1    11  0.250000E+00  0.250000E+00  0.250000E-01
     1         11     1    12  0.275000E+00  0.275000E+00  0.250000E-01
     1         12     1    12  0.300000E+00  0.300000E+00  0.250000E-01
     1         13     1    11  0.325000E+00  0.325000E+00  0.250000E-01
     1         14     1    11  0.350000E+00  0.350000E+00  0.250000E-01
     1         15     1    10  0.375000E+00  0.375000E+00  0.250000E-01
     1         16     1    11  0.400000E+00  0.400000E+00  0.250000E-01
     1         17     1     3  0.425000E+00  0.425000E+00  0.250000E-01
     1         18     1     4  0.450000E+00  0.450000E+00  0.250000E-01
     1         19     1     2  0.475000E+00  0.475000E+00  0.250000E-01
     1         20     1     2  0.500000E+00  0.500000E+00  0.250000E-01
     1         21     1     2  0.525000E+00  0.525000E+00  0.250000E-01
     1         22     1     2  0.550000E+00  0.550000E+00  0.250000E-01
     1         23     1     2  0.575000E+00  0.575000E+00  0.250000E-01
     1         24     1    11  0.600000E+00  0.600000E+00  0.250000E-01
     1         25     1    11  0.625000E+00  0.625000E+00  0.250000E-01
     1         26     1    11  0.650000E+00  0.650000E+00  0.250000E-01
     1         27     1    12  0.675000E+00  0.675000E+00  0.250000E-01
     1         28     1    13  0.700000E+00  0.700000E+00  0.250000E-01
     1         29     1    12  0.725000E+00  0.725000E+00  0.250000E-01
     1         30     1    12  0.750000E+00  0.750000E+00  0.250000E-01
     1         31     1    12  0.775000E+00  0.775000E+00  0.250000E-01
     1         32     1    11  0.800000E+00  0.800000E+00  0.250000E-01
     1         33     1    12  0.825000E+00  0.825000E+00  0.250000E-01
     1         34     1    11  0.850000E+00  0.850000E+00  0.250000E-01
     1         35     1    11  0.875000E+00  0.875000E+00  0.250000E-01
     1         36     1    10  0.900000E+00  0.900000E+00  0.250000E-01
     1         37     1     3  0.925000E+00  0.925000E+00  0.250000E-01
     1         38     1     4  0.950000E+00  0.950000E+00  0.250000E-01
     1         39     1     2  0.975000E+00  0.975000E+00  0.250000E-01
     1         40     1     2  0.100000E+01  0.100000E+01  0.250000E-01
