SUMMARY OF JOB INFORMATION
  STEP      INC     ATT  ITRS     TOT TIME     STEP TIME      INC TIME
     1          1     1     2  0.125000E-01  0.125000E-01  0.125000E-01
     1          2     1     2  0.250000E-01  0.250000E-01  0.125000E-01
     1          3     1     2  0.375000E-01  0.375000E-01  0.125000E-01
     1          4     1     2  0.500000E-01  0.500000E-01  0.125000E-01
     1          5     1     2  0.625000E-01  0.625000E-01  0.125000E-01
     1          6     1     2  0.750000E-01  0.750000E-01  0.125000E-01
     1          7     1     9  0.875000E-01  0.875000E-01  0.125000E-01
     1          8     1    11  0.100000E+00  0.100000E+00  0.125000E-01
     1          9     1    10  0.112500E+00  0.112500E+00  0.125000E-01
     1         10     1    11  0.125000E+00  0.125000E+00  0.125000E-01
     1         11     1    11  0.137500E+00  0.137500E+00  0.125000E-01
     1         12     1    11  0.150000E+00  0.150000E+00  0.125000E-01
     1         13     1    11  0.162500E+00  0.162500E+00  0.125000E-01
     1         14     1    11  0.175000E+00  0.175000E+00  0.125000E-01
     1         15     1    11  0.187500E+00  0.187500E+00  0.125000E-01
     1         16     1    11  0.200000E+00  0.200000E+00  0.125000E-01
     1         17     1    12  0.212500E+00  0.212500E+00  0.125000E-01
     1         18     1    11  0.225000E+00  0.225000E+00  0.125000E-01
     1         19     1    11  0.237500E+00  0.237500E+00  0.125000E-01
     1         20     1    12  0.250000E+00  0.250000E+00  0.125000E-01
     1         21     1    10  0.262500E+00  0.262500E+00  0.125000E-01
     1         22     1    12  0.275000E+00  0.275000E+00  0.125000E-01
     1         23     1    11  0.287500E+00  0.287500E+00  0.125000E-01
     1         24     1    11  0.300000E+00  0.300000E+00  0.125000E-01
     1         25     1    11  0.312500E+00  0.312500E+00  0.125000E-01
     1         26     1    12  0.325000E+00  0.325000E+00  0.125000E-01
     1         27     1    11  0.337500E+00  0.337500E+00  0.125000E-01
     1         28     1    11  0.350000E+00  0.350000E+00  0.125000E-01
     1         29     1    11  0.362500E+00  0.362500E+00  0.125000E-01
     1         30     1    11  0.375000E+00  0.375000E+00  0.125000E-01
     1         31     1    11  0.387500E+00  0.387500E+00  0.125000E-01
     1         32     1    11  0.400000E+00  0.400000E+00  0.125000E-01
     1         33     1    10  0.412500E+00  0.412500E+00  0.125000E-01
     1         34     1     3  0.425000E+00  0.425000E+00  0.125000E-01
     1         35     1     3  0.437500E+00  0.437500E+00  0.125000E-01
     1         36     1     2  0.450000E+00  0.450000E+00  0.125000E-01
     1         37     1     2  0.462500E+00  0.462500E+00  0.125000E-01
     1         38     1     2  0.475000E+00  0.475000E+00  0.125000E-01
     1         39     1     2  0.487500E+00  0.487500E+00  0.125000E-01
     1         40     1     2  0.500000E+00  0.500000E+00  0.125000E-01
     1         41     1     2  0.512500E+00  0.512500E+00  0.125000E-01
     1         42     1     2  0.525000E+00  0.525000E+00  0.125000E-01
     1         43     1     2  0.537500E+00  0.537500E+00  0.125000E-01
     1         44     1     2  0.550000E+00  0.550000E+00  0.125000E-01
     1         45     1     2  0.562500E+00  0.562500E+00  0.125000E-01
     1         46     1     2  0.575000E+00  0.575000E+00  0.125000E-01
     1         47     1     9  0.587500E+00  0.587500E+00  0.125000E-01
     1         48     1    10  0.600000E+00  0.600000E+00  0.125000E-01
     1         49     1    10  0.612500E+00  0.612500E+00  0.125000E-01
     1         50     1    11  0.625000E+00  0.625000E+00  0.125000E-01
     1         51     1    12  0.637500E+00  0.637500E+00  0.125000E-01
     1         52     1    11  0.650000E+00  0.650000E+00  0.125000E-01
     1         53     1    11  0.662500E+00  0.662500E+00  0.125000E-01
     1         54     1    11  0.675000E+00  0.675000E+00  0.125000E-01
     1         55     1    12  0.687500E+00  0.687500E+00  0.125000E-01
     1         56     1    12  0.700000E+00  0.700000E+00  0.125000E-01
     1         57     1    11  0.712500E+00  0.712500E+00  0.125000E-01
     1         58     1    12  0.725000E+00  0.725000E+00  0.125000E-01
     1         59     1    11  0.737500E+00  0.737500E+00  0.125000E-01
     1         60     1    12  0.750000E+00  0.750000E+00  0.125000E-01
     1         61     1    11  0.762500E+00  0.762500E+00  0.125000E-01
     1         62     1    11  0.775000E+00  0.775000E+00  0.125000E-01
     1         63     1    11  0.787500E+00  0.787500E+00  0.125000E-01
     1         64     1    12  0.800000E+00  0.800000E+00  0.125000E-01
     1         65     1    13  0.812500E+00  0.812500E+00  0.125000E-01
     1         66     1    11  0.825000E+00  0.825000E+00  0.125000E-01
     1         67     1    11  0.837500E+00  0.837500E+00  0.125000E-01
     1         68     1    11  0.850000E+00  0.850000E+00  0.125000E-01
     1         69     1    11  0.862500E+00  0.862500E+00  0.125000E-01
     1         70     1    11  0.875000E+00  0.875000E+00  0.125000E-01
     1         71     1    11  0.887500E+00  0.887500E+00  0.125000E-01
     1         72     1    10  0.900000E+00  0.900000E+00  0.125000E-01
     1         73     1     9  0.912500E+00  0.912500E+00  0.125000E-01
     1         74     1     3  0.925000E+00  0.925000E+00  0.125000E-01
     1         75     1     3  0.937500E+00  0.937500E+00  0.125000E-01
     1         76     1     2  0.950000E+00  0.950000E+00  0.125000E-01
     1         77     1     2  0.962500E+00  0.962500E+00  0.125000E-01
     1         78     1     2  0.975000E+00  0.975000E+00  0.125000E-01
     1         79     1     2  0.987500E+00  0.987500E+00  0.125000E-01
     1         80     1     2  0.100000E+01  0.100000E+01  0.125000E-01
